Product: MDK-ARM Standard 5.10
Component: ARM Compiler 5.04 update 1 (build 49)
Tool: armlink [5040049]

==============================================================================

Section Cross References

    task_gui.o(.text) refers to taskuser.o(.text) for Function
    task_gui.o(.text) refers to bsp_os.o(.text) for BSP_OS_TimeDly
    taskuser.o(.text) refers to i2cconfigdeclaration.o(.text) for PortConfig
    taskuser.o(.text) refers to stm32f4xx_gpio.o(.text) for GPIO_ToggleBits
    taskuser.o(.text) refers to taskuser.o(.data) for ia
    deviceall.o(.text) refers to stm32f4xx_rcc.o(.text) for RCC_AHB1PeriphClockCmd
    deviceall.o(.text) refers to stm32f4xx_gpio.o(.text) for GPIO_Init
    deviceall.o(.text) refers to bsp_i2c_dma.o(.text) for GetConfig
    deviceall.o(.text) refers to deviceall.o(.data) for FlagForOK
    i2cconfigdeclaration.o(.text) refers to strcmp.o(.text) for strcmp
    i2cconfigdeclaration.o(.text) refers to strlen.o(.text) for strlen
    i2cconfigdeclaration.o(.text) refers to strcpy.o(.text) for strcpy
    i2cconfigdeclaration.o(.text) refers to main.o(.text) for Config
    i2cconfigdeclaration.o(.text) refers to i2cconfigdeclaration.o(.bss) for comData
    i2cconfigdeclaration.o(.text) refers to i2cconfigdeclaration.o(.data) for comUsedNumber
    main.o(.text) refers to os_task.o(.text) for OSTaskCreate
    main.o(.text) refers to cpu_core.o(.text) for CPU_Init
    main.o(.text) refers to bsp.o(.text) for BSP_Tick_Init
    main.o(.text) refers to lib_mem.o(.text) for Mem_Init
    main.o(.text) refers to lib_math.o(.text) for Math_Init
    main.o(.text) refers to os_stat.o(.text) for OSStatTaskCPUUsageInit
    main.o(.text) refers to bsp_i2c_dma.o(.text) for Init_I2CAnd_DMA
    main.o(.text) refers to deviceall.o(.text) for AccessToInformation
    main.o(.text) refers to stm32f4xx_gpio.o(.text) for GPIO_ToggleBits
    main.o(.text) refers to os_time.o(.text) for OSTimeDlyHMSM
    main.o(.text) refers to bsp_led.o(.text) for LED_Change
    main.o(.text) refers to stm32f4xx_rcc.o(.text) for RCC_GetClocksFreq
    main.o(.text) refers to os_core.o(.text) for OSInit
    main.o(.text) refers to main.o(.bss) for AppTaskGUIStk
    main.o(.text) refers to task_gui.o(.text) for AppTaskGUI
    main.o(.text) refers to deviceall.o(.data) for FlagForOK
    main.o(.text) refers to main.o(.data) for datesBuff
    main.o(.text) refers to i2cconfigdeclaration.o(.bss) for comData
    bsp.o(.text) refers to misc.o(.text) for NVIC_PriorityGroupConfig
    bsp.o(.text) refers to stm32f4xx_rcc.o(.text) for RCC_AHB1PeriphClockCmd
    bsp.o(.text) refers to bsp_led.o(.text) for Bsp_InitLed
    bsp.o(.text) refers to bsp_i2c_dma.o(.text) for Init_I2CAnd_DMA
    bsp.o(.text) refers to os_cpu_c.o(.text) for OS_CPU_SysTickInit
    bsp.o(.text) refers to cpu_core.o(.text) for CPU_TS_TmrFreqSet
    bsp.o(.text) refers to uldiv.o(.text) for __aeabi_uldivmod
    bsp.o(.text) refers to os_cfg_app.o(.constdata) for OSCfg_TickRate_Hz
    bsp_led.o(.text) refers to stm32f4xx_rcc.o(.text) for RCC_AHB1PeriphClockCmd
    bsp_led.o(.text) refers to stm32f4xx_gpio.o(.text) for GPIO_Init
    bsp_os.o(.text) refers to os_sem.o(.text) for OSSemCreate
    bsp_os.o(.text) refers to os_mutex.o(.text) for OSMutexCreate
    bsp_os.o(.text) refers to os_time.o(.text) for OSTimeDlyHMSM
    bsp_os.o(.text) refers to os_cfg_app.o(.constdata) for OSCfg_TickRate_Hz
    bsp_i2c_dma.o(.text) refers to stm32f4xx_i2c.o(.text) for I2C_GetFlagStatus
    bsp_i2c_dma.o(.text) refers to stm32f4xx_dma.o(.text) for DMA_Cmd
    bsp_i2c_dma.o(.text) refers to stm32f4xx_rcc.o(.text) for RCC_APB1PeriphClockCmd
    bsp_i2c_dma.o(.text) refers to stm32f4xx_gpio.o(.text) for GPIO_Init
    bsp_i2c_dma.o(.text) refers to cpu_a.o(.text) for CPU_SR_Save
    bsp_i2c_dma.o(.text) refers to bsp_i2c_dma.o(.data) for I2C1info
    bsp_i2c_dma.o(.text) refers to bsp_i2c_dma.o(.bss) for I2C1_MasterSendBuff
    startup_stm32f4xx.o(RESET) refers to startup_stm32f4xx.o(STACK) for __initial_sp
    startup_stm32f4xx.o(RESET) refers to startup_stm32f4xx.o(.text) for Reset_Handler
    startup_stm32f4xx.o(RESET) refers to stm32f4xx_it.o(.text) for NMI_Handler
    startup_stm32f4xx.o(RESET) refers to os_cpu_a.o(CODE) for OS_CPU_PendSVHandler
    startup_stm32f4xx.o(RESET) refers to os_cpu_c.o(.text) for OS_CPU_SysTickHandler
    startup_stm32f4xx.o(.text) refers to system_stm32f4xx.o(.text) for SystemInit
    startup_stm32f4xx.o(.text) refers to bsp.o(.text) for BSP_Init
    startup_stm32f4xx.o(.text) refers to entry.o(.ARM.Collect$$$$00000000) for __main
    system_stm32f4xx.o(.text) refers to system_stm32f4xx.o(.data) for SystemCoreClock
    stm32f4xx_adc.o(.text) refers to stm32f4xx_rcc.o(.text) for RCC_APB2PeriphResetCmd
    stm32f4xx_can.o(.text) refers to stm32f4xx_rcc.o(.text) for RCC_APB1PeriphResetCmd
    stm32f4xx_cryp.o(.text) refers to stm32f4xx_rcc.o(.text) for RCC_AHB2PeriphResetCmd
[...]
    user\\bsp_os.c                           0x00000000   Number         0  bsp_os.o ABSOLUTE
    user\\main.c                             0x00000000   Number         0  main.o ABSOLUTE
    user\\src\\I2CConfigDeclaration.c        0x00000000   Number         0  i2cconfigdeclaration.o ABSOLUTE
    user\\src\\TaskUser.c                    0x00000000   Number         0  taskuser.o ABSOLUTE
    user\\src\\Task_GUI.c                    0x00000000   Number         0  task_gui.o ABSOLUTE
    user\\system_stm32f4xx.c                 0x00000000   Number         0  system_stm32f4xx.o ABSOLUTE
    user\bsp.c                               0x00000000   Number         0  bsp.o ABSOLUTE
    user\bsp_os.c                            0x00000000   Number         0  bsp_os.o ABSOLUTE
    user\main.c                              0x00000000   Number         0  main.o ABSOLUTE
    user\src\I2CConfigDeclaration.c          0x00000000   Number         0  i2cconfigdeclaration.o ABSOLUTE
    user\src\TaskUser.c                      0x00000000   Number         0  taskuser.o ABSOLUTE
    user\src\Task_GUI.c                      0x00000000   Number         0  task_gui.o ABSOLUTE
    user\stm32f4xx_it.c                      0x00000000   Number         0  stm32f4xx_it.o ABSOLUTE
    user\system_stm32f4xx.c                  0x00000000   Number         0  system_stm32f4xx.o ABSOLUTE
    RESET                                    0x08000000   Section      392  startup_stm32f4xx.o(RESET)
    .ARM.Collect$$$$00000000                 0x08000188   Section        0  entry.o(.ARM.Collect$$$$00000000)
    .ARM.Collect$$$$00000001                 0x08000188   Section        4  entry2.o(.ARM.Collect$$$$00000001)
    .ARM.Collect$$$$00000004                 0x0800018c   Section        4  entry5.o(.ARM.Collect$$$$00000004)
    .ARM.Collect$$$$00000008                 0x08000190   Section        0  entry7b.o(.ARM.Collect$$$$00000008)
    .ARM.Collect$$$$0000000A                 0x08000190   Section        0  entry8b.o(.ARM.Collect$$$$0000000A)
    .ARM.Collect$$$$0000000B                 0x08000190   Section        8  entry9a.o(.ARM.Collect$$$$0000000B)
    .ARM.Collect$$$$0000000D                 0x08000198   Section        0  entry10a.o(.ARM.Collect$$$$0000000D)
    .ARM.Collect$$$$0000000F                 0x08000198   Section        0  entry11a.o(.ARM.Collect$$$$0000000F)
    .ARM.Collect$$$$00002712                 0x08000198   Section        4  entry2.o(.ARM.Collect$$$$00002712)
    __lit__00000000                          0x08000198   Data           4  entry2.o(.ARM.Collect$$$$00002712)
    .text                                    0x0800019c   Section        0  task_gui.o(.text)
    .text                                    0x080001b4   Section        0  taskuser.o(.text)
    .text                                    0x080001f0   Section        0  deviceall.o(.text)
    .text                                    0x08000300   Section        0  i2cconfigdeclaration.o(.text)
    .text                                    0x0800046c   Section        0  main.o(.text)
    AppTaskCreate                            0x0800046f   Thumb Code   104  main.o(.text)
    AppTaskStart                             0x080004d7   Thumb Code   244  main.o(.text)
    .text                                    0x08000680   Section        0  stm32f4xx_it.o(.text)
    .text                                    0x080006a0   Section        0  bsp.o(.text)
    .text                                    0x08000764   Section        0  bsp_led.o(.text)
    .text                                    0x08000818   Section        0  bsp_os.o(.text)
    .text                                    0x0800094c   Section        0  bsp_i2c_dma.o(.text)
    .text                                    0x08000d90   Section       44  startup_stm32f4xx.o(.text)
    $v0                                      0x08000d90   Number         0  startup_stm32f4xx.o(.text)
    .text                                    0x08000dbc   Section        0  system_stm32f4xx.o(.text)
    SetSysClock                              0x08000dbd   Thumb Code   270  system_stm32f4xx.o(.text)
    .text                                    0x08001000   Section        0  misc.o(.text)
    .text                                    0x080010e0   Section        0  stm32f4xx_dma.o(.text)
    .text                                    0x08001488   Section        0  stm32f4xx_gpio.o(.text)
    .text                                    0x080016e4   Section        0  stm32f4xx_i2c.o(.text)
    .text                                    0x08001b0c   Section        0  stm32f4xx_rcc.o(.text)
    .text                                    0x08002094   Section        0  cpu_core.o(.text)
    CPU_NameInit                             0x080020bf   Thumb Code     8  cpu_core.o(.text)
    CPU_TS_Init                              0x080020c7   Thumb Code    14  cpu_core.o(.text)
    .text                                    0x08002340   Section       52  cpu_a.o(.text)
    $v0                                      0x08002340   Number         0  cpu_a.o(.text)
    .text                                    0x08002374   Section        0  lib_ascii.o(.text)
    .text                                    0x080025cc   Section        0  lib_math.o(.text)
    .text                                    0x0800264c   Section        0  lib_mem.o(.text)
    .text                                    0x08002830   Section        0  lib_str.o(.text)
    Str_FmtNbr_Int32                         0x08002ce9   Thumb Code   476  lib_str.o(.text)
    Str_ParseNbr_Int32                       0x08002f31   Thumb Code   446  lib_str.o(.text)
    .text                                    0x0800315c   Section      544  lib_mem_a.o(.text)
    $v0                                      0x0800315c   Number         0  lib_mem_a.o(.text)
    .text                                    0x0800337c   Section        0  os_cfg_app.o(.text)
    .text                                    0x08003380   Section        0  os_core.o(.text)
    .text                                    0x0800410c   Section        0  os_dbg.o(.text)
    .text                                    0x080042ac   Section        0  os_flag.o(.text)
    .text                                    0x080050d4   Section        0  os_int.o(.text)
    .text                                    0x080054e0   Section        0  os_mem.o(.text)
    .text                                    0x08005718   Section        0  os_msg.o(.text)
    .text                                    0x08005940   Section        0  os_mutex.o(.text)
    .text                                    0x08006414   Section        0  os_prio.o(.text)
    .text                                    0x08006490   Section        0  os_q.o(.text)
    .text                                    0x08006d68   Section        0  os_sem.o(.text)
    .text                                    0x08007598   Section        0  os_stat.o(.text)
    .text                                    0x08007b80   Section        0  os_task.o(.text)
    .text                                    0x08009630   Section        0  os_tick.o(.text)
    OS_TickListUpdateTimeout                 0x08009631   Thumb Code   312  os_tick.o(.text)
    OS_TickListUpdateDly                     0x08009769   Thumb Code   250  os_tick.o(.text)
    .text                                    0x08009ba4   Section        0  os_time.o(.text)
    .text                                    0x0800a0f0   Section        0  os_cpu_c.o(.text)
    .text                                    0x0800a338   Section        0  uldiv.o(.text)
    .text                                    0x0800a39a   Section        0  strlen.o(.text)
    .text                                    0x0800a3a8   Section        0  strcmp.o(.text)
    .text                                    0x0800a3c4   Section        0  strcpy.o(.text)
    .text                                    0x0800a3d6   Section        0  llshl.o(.text)
    .text                                    0x0800a3f4   Section        0  llushr.o(.text)
    .text                                    0x0800a414   Section       36  init.o(.text)
    CODE                                     0x0800a438   Section      168  os_cpu_a.o(CODE)
    $v0                                      0x0800a438   Number         0  os_cpu_a.o(CODE)
    i.__scatterload_copy                     0x0800a4e0   Section       14  handlers.o(i.__scatterload_copy)
    i.__scatterload_null                     0x0800a4ee   Section        2  handlers.o(i.__scatterload_null)
    i.__scatterload_zeroinit                 0x0800a4f0   Section       14  handlers.o(i.__scatterload_zeroinit)
    .constdata                               0x0800a500   Section      260  cpu_core.o(.constdata)
    CPU_CntLeadZerosTbl                      0x0800a500   Data         256  cpu_core.o(.constdata)
    .constdata                               0x0800a604   Section      148  lib_str.o(.constdata)
    Str_MultOvfThTbl_Int32U                  0x0800a604   Data         148  lib_str.o(.constdata)
    .constdata                               0x0800a698   Section      148  os_cfg_app.o(.constdata)
    .constdata                               0x0800a72c   Section      360  os_dbg.o(.constdata)
    .data                                    0x20000000   Section        4  taskuser.o(.data)
    .data                                    0x20000004   Section        2  deviceall.o(.data)
    .data                                    0x20000006   Section        1  i2cconfigdeclaration.o(.data)
    .data                                    0x20000008   Section       10  main.o(.data)
    .data                                    0x20000014   Section        4  bsp_i2c_dma.o(.data)
    .data                                    0x20000018   Section       20  system_stm32f4xx.o(.data)
    .data                                    0x2000002c   Section       16  stm32f4xx_rcc.o(.data)
    APBAHBPrescTable                         0x2000002c   Data          16  stm32f4xx_rcc.o(.data)
    .data                                    0x2000003c   Section        4  cpu_core.o(.data)
    .data                                    0x20000040   Section        4  lib_math.o(.data)
    .data                                    0x20000044   Section        8  os_prio.o(.data)
    .data                                    0x2000004c   Section      176  os_var.o(.data)
    .data                                    0x200000fc   Section        4  os_cpu_c.o(.data)
    .bss                                     0x20000100   Section      512  i2cconfigdeclaration.o(.bss)
    .bss                                     0x20000300   Section     8756  main.o(.bss)
    AppTaskStartTCB                          0x20000300   Data         188  main.o(.bss)
    AppTaskStartStk                          0x200003bc   Data        2048  main.o(.bss)
    AppTaskGUITCB                            0x20000bbc   Data         188  main.o(.bss)
    AppTaskGUIStk                            0x20000c78   Data        2048  main.o(.bss)
    AppTaskGUIRefreshTCB                     0x20001478   Data         188  main.o(.bss)
    AppTaskGUIRefreshStk                     0x20001534   Data        4096  main.o(.bss)
    .bss                                     0x20002534   Section       20  bsp_i2c_dma.o(.bss)
    .bss                                     0x20002548   Section       16  cpu_core.o(.bss)
    .bss                                     0x20002558   Section     4992  os_cfg_app.o(.bss)
    .bss                                     0x200038d8   Section     1532  os_var.o(.bss)
    STACK                                    0x20003ed8   Section    16384  startup_stm32f4xx.o(STACK)

    Global Symbols

    Symbol Name                              Value     Ov Type        Size  Object(Section)

    BuildAttributes$$THM_ISAv4$E$P$D$K$B$S$7EM$VFPi3$EXTD16$VFPS$VFMA$PE$A:L22UL41UL21$X:L11$S22US41US21$IEEE1$IW$USESV6$~STKCKD$USESV7$~SHL$OSPACE$EBA8$MICROLIB$REQ8$PRES8$EABIv2 0x00000000   Number         0  anon$$obj.o ABSOLUTE
    __ARM_use_no_argv                        0x00000000   Number         0  main.o ABSOLUTE
    __cpp_initialize__aeabi_                  - Undefined Weak Reference
    __cxa_finalize                            - Undefined Weak Reference
    __decompress                              - Undefined Weak Reference
    _clock_init                               - Undefined Weak Reference
    _microlib_exit                            - Undefined Weak Reference
    __Vectors_Size                           0x00000188   Number         0  startup_stm32f4xx.o ABSOLUTE
    __Vectors                                0x08000000   Data           4  startup_stm32f4xx.o(RESET)
    __Vectors_End                            0x08000188   Data           0  startup_stm32f4xx.o(RESET)
    __main                                   0x08000189   Thumb Code     0  entry.o(.ARM.Collect$$$$00000000)
    _main_stk                                0x08000189   Thumb Code     0  entry2.o(.ARM.Collect$$$$00000001)
    _main_scatterload                        0x0800018d   Thumb Code     0  entry5.o(.ARM.Collect$$$$00000004)
    __main_after_scatterload                 0x08000191   Thumb Code     0  entry5.o(.ARM.Collect$$$$00000004)
    _main_clock                              0x08000191   Thumb Code     0  entry7b.o(.ARM.Collect$$$$00000008)
    _main_cpp_init                           0x08000191   Thumb Code     0  entry8b.o(.ARM.Collect$$$$0000000A)
    _main_init                               0x08000191   Thumb Code     0  entry9a.o(.ARM.Collect$$$$0000000B)
    __rt_final_cpp                           0x08000199   Thumb Code     0  entry10a.o(.ARM.Collect$$$$0000000D)
    __rt_final_exit                          0x08000199   Thumb Code     0  entry11a.o(.ARM.Collect$$$$0000000F)
    AppTaskGUI                               0x0800019d   Thumb Code    14  task_gui.o(.text)
    AppTaskGUIRefresh                        0x080001ab   Thumb Code    10  task_gui.o(.text)
    Function                                 0x080001b5   Thumb Code    44  taskuser.o(.text)
    AccessToInformation                      0x080001f1   Thumb Code   126  deviceall.o(.text)
    askForData                               0x0800026f   Thumb Code    34  deviceall.o(.text)
    slectPortUesd                            0x08000291   Thumb Code   102  deviceall.o(.text)
    getValue                                 0x08000301   Thumb Code    58  i2cconfigdeclaration.o(.text)
    PortConfig                               0x0800033b   Thumb Code   148  i2cconfigdeclaration.o(.text)
    DriverComfig                             0x080003cf   Thumb Code   132  i2cconfigdeclaration.o(.text)
    ModeConfig                               0x08000453   Thumb Code     8  i2cconfigdeclaration.o(.text)
    Config                                   0x0800046d   Thumb Code     2  main.o(.text)
    main                                     0x080005cb   Thumb Code    76  main.o(.text)
    NMI_Handler                              0x08000681   Thumb Code     2  stm32f4xx_it.o(.text)
    HardFault_Handler                        0x08000683   Thumb Code     4  stm32f4xx_it.o(.text)
    MemManage_Handler                        0x08000687   Thumb Code     4  stm32f4xx_it.o(.text)
    BusFault_Handler                         0x0800068b   Thumb Code     4  stm32f4xx_it.o(.text)
    UsageFault_Handler                       0x0800068f   Thumb Code     4  stm32f4xx_it.o(.text)
    SVC_Handler                              0x08000693   Thumb Code     2  stm32f4xx_it.o(.text)
    DebugMon_Handler                         0x08000695   Thumb Code     2  stm32f4xx_it.o(.text)
    PendSV_Handler                           0x08000697   Thumb Code     2  stm32f4xx_it.o(.text)
    SysTick_Handler                          0x08000699   Thumb Code     2  stm32f4xx_it.o(.text)
    EXTI1_IRQHandler                         0x0800069b   Thumb Code     2  stm32f4xx_it.o(.text)
    TIM4_IRQHandler                          0x0800069d   Thumb Code     2  stm32f4xx_it.o(.text)
    NVIC_Configuration                       0x080006a1   Thumb Code    12  bsp.o(.text)
    BSP_Init                                 0x080006ad   Thumb Code    24  bsp.o(.text)
    BSP_CPU_ClkFreq                          0x080006c5   Thumb Code    14  bsp.o(.text)
    BSP_Tick_Init                            0x080006d3   Thumb Code    24  bsp.o(.text)
    CPU_TS_TmrInit                           0x080006eb   Thumb Code    44  bsp.o(.text)
    CPU_TS_TmrRd                             0x08000717   Thumb Code     6  bsp.o(.text)
    CPU_TS32_to_uSec                         0x0800071d   Thumb Code    54  bsp.o(.text)
    Bsp_InitLed                              0x08000765   Thumb Code    90  bsp_led.o(.text)
    LED_Change                               0x080007bf   Thumb Code    84  bsp_led.o(.text)
    BSP_OS_SemCreate                         0x08000819   Thumb Code    34  bsp_os.o(.text)
    BSP_OS_SemWait                           0x0800083b   Thumb Code    50  bsp_os.o(.text)
    BSP_OS_SemPost                           0x0800086d   Thumb Code    28  bsp_os.o(.text)
    BSP_OS_MutexCreate                       0x08000889   Thumb Code    30  bsp_os.o(.text)
    BSP_OS_MutexWait                         0x080008a7   Thumb Code    50  bsp_os.o(.text)
    BSP_OS_MutexPost                         0x080008d9   Thumb Code    28  bsp_os.o(.text)
    BSP_OS_TimeDlyMs                         0x080008f5   Thumb Code    68  bsp_os.o(.text)
    BSP_OS_TimeDly                           0x08000939   Thumb Code    16  bsp_os.o(.text)
    GetConfig                                0x0800094d   Thumb Code     6  bsp_i2c_dma.o(.text)
    I2C1_EE_IRQ_Delay                        0x08000953   Thumb Code    94  bsp_i2c_dma.o(.text)
    I2C1_EV_IRQ_Delay                        0x080009b1   Thumb Code   194  bsp_i2c_dma.o(.text)
    SetConfig                                0x08000a73   Thumb Code     6  bsp_i2c_dma.o(.text)
    Init_I2CAnd_DMA                          0x08000a79   Thumb Code   270  bsp_i2c_dma.o(.text)
    masterSendData                           0x08000b87   Thumb Code   218  bsp_i2c_dma.o(.text)
    masterRecerveData                        0x08000c61   Thumb Code   300  bsp_i2c_dma.o(.text)
    Reset_Handler                            0x08000d91   Thumb Code    12  startup_stm32f4xx.o(.text)
    ADC_IRQHandler                           0x08000daf   Thumb Code     0  startup_stm32f4xx.o(.text)
    CAN1_RX0_IRQHandler                      0x08000daf   Thumb Code     0  startup_stm32f4xx.o(.text)
    CAN1_RX1_IRQHandler                      0x08000daf   Thumb Code     0  startup_stm32f4xx.o(.text)
    CAN1_SCE_IRQHandler                      0x08000daf   Thumb Code     0  startup_stm32f4xx.o(.text)
    CAN1_TX_IRQHandler                       0x08000daf   Thumb Code     0  startup_stm32f4xx.o(.text)
    CAN2_RX0_IRQHandler                      0x08000daf   Thumb Code     0  startup_stm32f4xx.o(.text)
    CAN2_RX1_IRQHandler                      0x08000daf   Thumb Code     0  startup_stm32f4xx.o(.text)
    CAN2_SCE_IRQHandler                      0x08000daf   Thumb Code     0  startup_stm32f4xx.o(.text)
    CAN2_TX_IRQHandler                       0x08000daf   Thumb Code     0  startup_stm32f4xx.o(.text)
    CRYP_IRQHandler                          0x08000daf   Thumb Code     0  startup_stm32f4xx.o(.text)
    DCMI_IRQHandler                          0x08000daf   Thumb Code     0  startup_stm32f4xx.o(.text)
    DMA1_Stream0_IRQHandler                  0x08000daf   Thumb Code     0  startup_stm32f4xx.o(.text)
    DMA1_Stream1_IRQHandler                  0x08000daf   Thumb Code     0  startup_stm32f4xx.o(.text)
    DMA1_Stream2_IRQHandler                  0x08000daf   Thumb Code     0  startup_stm32f4xx.o(.text)
    DMA1_Stream3_IRQHandler                  0x08000daf   Thumb Code     0  startup_stm32f4xx.o(.text)
    DMA1_Stream4_IRQHandler                  0x08000daf   Thumb Code     0  startup_stm32f4xx.o(.text)
    DMA1_Stream5_IRQHandler                  0x08000daf   Thumb Code     0  startup_stm32f4xx.o(.text)
    DMA1_Stream6_IRQHandler                  0x08000daf   Thumb Code     0  startup_stm32f4xx.o(.text)
    DMA1_Stream7_IRQHandler                  0x08000daf   Thumb Code     0  startup_stm32f4xx.o(.text)
    DMA2_Stream0_IRQHandler                  0x08000daf   Thumb Code     0  startup_stm32f4xx.o(.text)
    DMA2_Stream1_IRQHandler                  0x08000daf   Thumb Code     0  startup_stm32f4xx.o(.text)
    DMA2_Stream2_IRQHandler                  0x08000daf   Thumb Code     0  startup_stm32f4xx.o(.text)
    DMA2_Stream3_IRQHandler                  0x08000daf   Thumb Code     0  startup_stm32f4xx.o(.text)
    DMA2_Stream4_IRQHandler                  0x08000daf   Thumb Code     0  startup_stm32f4xx.o(.text)
    DMA2_Stream5_IRQHandler                  0x08000daf   Thumb Code     0  startup_stm32f4xx.o(.text)
    DMA2_Stream6_IRQHandler                  0x08000daf   Thumb Code     0  startup_stm32f4xx.o(.text)
    DMA2_Stream7_IRQHandler                  0x08000daf   Thumb Code     0  startup_stm32f4xx.o(.text)
    ETH_IRQHandler                           0x08000daf   Thumb Code     0  startup_stm32f4xx.o(.text)
    ETH_WKUP_IRQHandler                      0x08000daf   Thumb Code     0  startup_stm32f4xx.o(.text)
    EXTI0_IRQHandler                         0x08000daf   Thumb Code     0  startup_stm32f4xx.o(.text)
    EXTI15_10_IRQHandler                     0x08000daf   Thumb Code     0  startup_stm32f4xx.o(.text)
    EXTI2_IRQHandler                         0x08000daf   Thumb Code     0  startup_stm32f4xx.o(.text)
    EXTI3_IRQHandler                         0x08000daf   Thumb Code     0  startup_stm32f4xx.o(.text)
    EXTI4_IRQHandler                         0x08000daf   Thumb Code     0  startup_stm32f4xx.o(.text)
    EXTI9_5_IRQHandler                       0x08000daf   Thumb Code     0  startup_stm32f4xx.o(.text)
    FLASH_IRQHandler                         0x08000daf   Thumb Code     0  startup_stm32f4xx.o(.text)
    FPU_IRQHandler                           0x08000daf   Thumb Code     0  startup_stm32f4xx.o(.text)
    FSMC_IRQHandler                          0x08000daf   Thumb Code     0  startup_stm32f4xx.o(.text)
    HASH_RNG_IRQHandler                      0x08000daf   Thumb Code     0  startup_stm32f4xx.o(.text)
    I2C1_ER_IRQHandler                       0x08000daf   Thumb Code     0  startup_stm32f4xx.o(.text)
    I2C1_EV_IRQHandler                       0x08000daf   Thumb Code     0  startup_stm32f4xx.o(.text)
    I2C2_ER_IRQHandler                       0x08000daf   Thumb Code     0  startup_stm32f4xx.o(.text)
    I2C2_EV_IRQHandler                       0x08000daf   Thumb Code     0  startup_stm32f4xx.o(.text)
    I2C3_ER_IRQHandler                       0x08000daf   Thumb Code     0  startup_stm32f4xx.o(.text)
    I2C3_EV_IRQHandler                       0x08000daf   Thumb Code     0  startup_stm32f4xx.o(.text)
    OTG_FS_IRQHandler                        0x08000daf   Thumb Code     0  startup_stm32f4xx.o(.text)
    OTG_FS_WKUP_IRQHandler                   0x08000daf   Thumb Code     0  startup_stm32f4xx.o(.text)
    OTG_HS_EP1_IN_IRQHandler                 0x08000daf   Thumb Code     0  startup_stm32f4xx.o(.text)
    OTG_HS_EP1_OUT_IRQHandler                0x08000daf   Thumb Code     0  startup_stm32f4xx.o(.text)
    OTG_HS_IRQHandler                        0x08000daf   Thumb Code     0  startup_stm32f4xx.o(.text)
    OTG_HS_WKUP_IRQHandler                   0x08000daf   Thumb Code     0  startup_stm32f4xx.o(.text)
    PVD_IRQHandler                           0x08000daf   Thumb Code     0  startup_stm32f4xx.o(.text)
    RCC_IRQHandler                           0x08000daf   Thumb Code     0  startup_stm32f4xx.o(.text)
    RTC_Alarm_IRQHandler                     0x08000daf   Thumb Code     0  startup_stm32f4xx.o(.text)
    RTC_WKUP_IRQHandler                      0x08000daf   Thumb Code     0  startup_stm32f4xx.o(.text)
    SDIO_IRQHandler                          0x08000daf   Thumb Code     0  startup_stm32f4xx.o(.text)
    SPI1_IRQHandler                          0x08000daf   Thumb Code     0  startup_stm32f4xx.o(.text)
    SPI2_IRQHandler                          0x08000daf   Thumb Code     0  startup_stm32f4xx.o(.text)
    SPI3_IRQHandler                          0x08000daf   Thumb Code     0  startup_stm32f4xx.o(.text)
    TAMP_STAMP_IRQHandler                    0x08000daf   Thumb Code     0  startup_stm32f4xx.o(.text)
    TIM1_BRK_TIM9_IRQHandler                 0x08000daf   Thumb Code     0  startup_stm32f4xx.o(.text)
    TIM1_CC_IRQHandler                       0x08000daf   Thumb Code     0  startup_stm32f4xx.o(.text)
    TIM1_TRG_COM_TIM11_IRQHandler            0x08000daf   Thumb Code     0  startup_stm32f4xx.o(.text)
    TIM1_UP_TIM10_IRQHandler                 0x08000daf   Thumb Code     0  startup_stm32f4xx.o(.text)
    TIM2_IRQHandler                          0x08000daf   Thumb Code     0  startup_stm32f4xx.o(.text)
    TIM3_IRQHandler                          0x08000daf   Thumb Code     0  startup_stm32f4xx.o(.text)
    TIM5_IRQHandler                          0x08000daf   Thumb Code     0  startup_stm32f4xx.o(.text)
    TIM6_DAC_IRQHandler                      0x08000daf   Thumb Code     0  startup_stm32f4xx.o(.text)
    TIM7_IRQHandler                          0x08000daf   Thumb Code     0  startup_stm32f4xx.o(.text)
    TIM8_BRK_TIM12_IRQHandler                0x08000daf   Thumb Code     0  startup_stm32f4xx.o(.text)
    TIM8_CC_IRQHandler                       0x08000daf   Thumb Code     0  startup_stm32f4xx.o(.text)
    TIM8_TRG_COM_TIM14_IRQHandler            0x08000daf   Thumb Code     0  startup_stm32f4xx.o(.text)
    TIM8_UP_TIM13_IRQHandler                 0x08000daf   Thumb Code     0  startup_stm32f4xx.o(.text)
    UART4_IRQHandler                         0x08000daf   Thumb Code     0  startup_stm32f4xx.o(.text)
    UART5_IRQHandler                         0x08000daf   Thumb Code     0  startup_stm32f4xx.o(.text)
    USART1_IRQHandler                        0x08000daf   Thumb Code     0  startup_stm32f4xx.o(.text)
    USART2_IRQHandler                        0x08000daf   Thumb Code     0  startup_stm32f4xx.o(.text)
    USART3_IRQHandler                        0x08000daf   Thumb Code     0  startup_stm32f4xx.o(.text)
    USART6_IRQHandler                        0x08000daf   Thumb Code     0  startup_stm32f4xx.o(.text)
    WWDG_IRQHandler                          0x08000daf   Thumb Code     0  startup_stm32f4xx.o(.text)
    SystemInit                               0x08000ecb   Thumb Code    88  system_stm32f4xx.o(.text)
    SystemCoreClockUpdate                    0x08000f23   Thumb Code   174  system_stm32f4xx.o(.text)
    NVIC_PriorityGroupConfig                 0x08001001   Thumb Code    10  misc.o(.text)
    NVIC_Init                                0x0800100b   Thumb Code   106  misc.o(.text)
    NVIC_SetVectorTable                      0x08001075   Thumb Code    14  misc.o(.text)
    NVIC_SystemLPConfig                      0x08001083   Thumb Code    34  misc.o(.text)
    SysTick_CLKSourceConfig                  0x080010a5   Thumb Code    40  misc.o(.text)
    DMA_DeInit                               0x080010e1   Thumb Code   324  stm32f4xx_dma.o(.text)
    DMA_Init                                 0x08001225   Thumb Code    82  stm32f4xx_dma.o(.text)
    DMA_StructInit                           0x08001277   Thumb Code    34  stm32f4xx_dma.o(.text)
    DMA_Cmd                                  0x08001299   Thumb Code    22  stm32f4xx_dma.o(.text)
    DMA_PeriphIncOffsetSizeConfig            0x080012af   Thumb Code    22  stm32f4xx_dma.o(.text)
    DMA_FlowControllerConfig                 0x080012c5   Thumb Code    22  stm32f4xx_dma.o(.text)
    DMA_SetCurrDataCounter                   0x080012db   Thumb Code     4  stm32f4xx_dma.o(.text)
    DMA_GetCurrDataCounter                   0x080012df   Thumb Code     8  stm32f4xx_dma.o(.text)
    DMA_DoubleBufferModeConfig               0x080012e7   Thumb Code    24  stm32f4xx_dma.o(.text)
    DMA_DoubleBufferModeCmd                  0x080012ff   Thumb Code    22  stm32f4xx_dma.o(.text)
    DMA_MemoryTargetConfig                   0x08001315   Thumb Code    10  stm32f4xx_dma.o(.text)
    DMA_GetCurrentMemoryTarget               0x0800131f   Thumb Code    20  stm32f4xx_dma.o(.text)
    DMA_GetCmdStatus                         0x08001333   Thumb Code    20  stm32f4xx_dma.o(.text)
    DMA_GetFIFOStatus                        0x08001347   Thumb Code    12  stm32f4xx_dma.o(.text)
    DMA_GetFlagStatus                        0x08001353   Thumb Code    56  stm32f4xx_dma.o(.text)
    DMA_ClearFlag                            0x0800138b   Thumb Code    40  stm32f4xx_dma.o(.text)
    DMA_ITConfig                             0x080013b3   Thumb Code    58  stm32f4xx_dma.o(.text)
    DMA_GetITStatus                          0x080013ed   Thumb Code    84  stm32f4xx_dma.o(.text)
    DMA_ClearITPendingBit                    0x08001441   Thumb Code    40  stm32f4xx_dma.o(.text)
    GPIO_DeInit                              0x08001489   Thumb Code   220  stm32f4xx_gpio.o(.text)
    GPIO_Init                                0x08001565   Thumb Code   144  stm32f4xx_gpio.o(.text)
    GPIO_StructInit                          0x080015f5   Thumb Code    18  stm32f4xx_gpio.o(.text)
    GPIO_PinLockConfig                       0x08001607   Thumb Code    34  stm32f4xx_gpio.o(.text)
    GPIO_ReadInputDataBit                    0x08001629   Thumb Code    18  stm32f4xx_gpio.o(.text)
    GPIO_ReadInputData                       0x0800163b   Thumb Code     8  stm32f4xx_gpio.o(.text)
    GPIO_ReadOutputDataBit                   0x08001643   Thumb Code    18  stm32f4xx_gpio.o(.text)
    GPIO_ReadOutputData                      0x08001655   Thumb Code     8  stm32f4xx_gpio.o(.text)
    GPIO_SetBits                             0x0800165d   Thumb Code     4  stm32f4xx_gpio.o(.text)
    GPIO_ResetBits                           0x08001661   Thumb Code     4  stm32f4xx_gpio.o(.text)
    GPIO_WriteBit                            0x08001665   Thumb Code    10  stm32f4xx_gpio.o(.text)
    GPIO_Write                               0x0800166f   Thumb Code     4  stm32f4xx_gpio.o(.text)
    GPIO_ToggleBits                          0x08001673   Thumb Code     8  stm32f4xx_gpio.o(.text)
    GPIO_PinAFConfig                         0x0800167b   Thumb Code    70  stm32f4xx_gpio.o(.text)
    I2C_DeInit                               0x080016e5   Thumb Code    82  stm32f4xx_i2c.o(.text)
    I2C_Init                                 0x08001737   Thumb Code   218  stm32f4xx_i2c.o(.text)
    I2C_StructInit                           0x08001811   Thumb Code    30  stm32f4xx_i2c.o(.text)
    I2C_Cmd                                  0x0800182f   Thumb Code    24  stm32f4xx_i2c.o(.text)
    I2C_GenerateSTART                        0x08001847   Thumb Code    24  stm32f4xx_i2c.o(.text)
    I2C_GenerateSTOP                         0x0800185f   Thumb Code    24  stm32f4xx_i2c.o(.text)
    I2C_Send7bitAddress                      0x08001877   Thumb Code    16  stm32f4xx_i2c.o(.text)
    I2C_AcknowledgeConfig                    0x08001887   Thumb Code    24  stm32f4xx_i2c.o(.text)
    I2C_OwnAddress2Config                    0x0800189f   Thumb Code    22  stm32f4xx_i2c.o(.text)
    I2C_DualAddressCmd                       0x080018b5   Thumb Code    24  stm32f4xx_i2c.o(.text)
    I2C_GeneralCallCmd                       0x080018cd   Thumb Code    24  stm32f4xx_i2c.o(.text)
    I2C_SoftwareResetCmd                     0x080018e5   Thumb Code    22  stm32f4xx_i2c.o(.text)
    I2C_StretchClockCmd                      0x080018fb   Thumb Code    24  stm32f4xx_i2c.o(.text)
    I2C_FastModeDutyCycleConfig              0x08001913   Thumb Code    28  stm32f4xx_i2c.o(.text)
    I2C_NACKPositionConfig                   0x0800192f   Thumb Code    28  stm32f4xx_i2c.o(.text)
    I2C_SMBusAlertConfig                     0x0800194b   Thumb Code    28  stm32f4xx_i2c.o(.text)
    I2C_ARPCmd                               0x08001967   Thumb Code    24  stm32f4xx_i2c.o(.text)
    I2C_SendData                             0x0800197f   Thumb Code     4  stm32f4xx_i2c.o(.text)
    I2C_ReceiveData                          0x08001983   Thumb Code     8  stm32f4xx_i2c.o(.text)
    I2C_TransmitPEC                          0x0800198b   Thumb Code    24  stm32f4xx_i2c.o(.text)
    I2C_PECPositionConfig                    0x080019a3   Thumb Code    28  stm32f4xx_i2c.o(.text)
    I2C_CalculatePEC                         0x080019bf   Thumb Code    24  stm32f4xx_i2c.o(.text)
    I2C_GetPEC                               0x080019d7   Thumb Code     8  stm32f4xx_i2c.o(.text)
    I2C_DMACmd                               0x080019df   Thumb Code    24  stm32f4xx_i2c.o(.text)
    I2C_DMALastTransferCmd                   0x080019f7   Thumb Code    24  stm32f4xx_i2c.o(.text)
    I2C_ReadRegister                         0x08001a0f   Thumb Code    22  stm32f4xx_i2c.o(.text)
    I2C_ITConfig                             0x08001a25   Thumb Code    18  stm32f4xx_i2c.o(.text)
    I2C_CheckEvent                           0x08001a37   Thumb Code    42  stm32f4xx_i2c.o(.text)
    I2C_GetLastEvent                         0x08001a61   Thumb Code    26  stm32f4xx_i2c.o(.text)
    I2C_GetFlagStatus                        0x08001a7b   Thumb Code    58  stm32f4xx_i2c.o(.text)
    I2C_ClearFlag                            0x08001ab5   Thumb Code    12  stm32f4xx_i2c.o(.text)
    I2C_GetITStatus                          0x08001ac1   Thumb Code    64  stm32f4xx_i2c.o(.text)
    I2C_ClearITPendingBit                    0x08001b01   Thumb Code    12  stm32f4xx_i2c.o(.text)
    RCC_DeInit                               0x08001b0d   Thumb Code    60  stm32f4xx_rcc.o(.text)
    RCC_HSEConfig                            0x08001b49   Thumb Code    14  stm32f4xx_rcc.o(.text)
    RCC_GetFlagStatus                        0x08001b57   Thumb Code    60  stm32f4xx_rcc.o(.text)
    RCC_WaitForHSEStartUp                    0x08001b93   Thumb Code    56  stm32f4xx_rcc.o(.text)
    RCC_AdjustHSICalibrationValue            0x08001bcb   Thumb Code    20  stm32f4xx_rcc.o(.text)
    RCC_HSICmd                               0x08001bdf   Thumb Code     6  stm32f4xx_rcc.o(.text)
    RCC_LSEConfig                            0x08001be5   Thumb Code    46  stm32f4xx_rcc.o(.text)
    RCC_LSICmd                               0x08001c13   Thumb Code     6  stm32f4xx_rcc.o(.text)
    RCC_PLLConfig                            0x08001c19   Thumb Code    32  stm32f4xx_rcc.o(.text)
    RCC_PLLCmd                               0x08001c39   Thumb Code     6  stm32f4xx_rcc.o(.text)
    RCC_PLLI2SConfig                         0x08001c3f   Thumb Code    14  stm32f4xx_rcc.o(.text)
    RCC_PLLI2SCmd                            0x08001c4d   Thumb Code     6  stm32f4xx_rcc.o(.text)
    RCC_ClockSecuritySystemCmd               0x08001c53   Thumb Code     6  stm32f4xx_rcc.o(.text)
    RCC_MCO1Config                           0x08001c59   Thumb Code    28  stm32f4xx_rcc.o(.text)
    RCC_MCO2Config                           0x08001c75   Thumb Code    28  stm32f4xx_rcc.o(.text)
    RCC_SYSCLKConfig                         0x08001c91   Thumb Code    20  stm32f4xx_rcc.o(.text)
    RCC_GetSYSCLKSource                      0x08001ca5   Thumb Code    12  stm32f4xx_rcc.o(.text)
    RCC_HCLKConfig                           0x08001cb1   Thumb Code    20  stm32f4xx_rcc.o(.text)
    RCC_PCLK1Config                          0x08001cc5   Thumb Code    20  stm32f4xx_rcc.o(.text)
    RCC_PCLK2Config                          0x08001cd9   Thumb Code    22  stm32f4xx_rcc.o(.text)
    RCC_GetClocksFreq                        0x08001cef   Thumb Code   222  stm32f4xx_rcc.o(.text)
    RCC_RTCCLKConfig                         0x08001dcd   Thumb Code    54  stm32f4xx_rcc.o(.text)
    RCC_RTCCLKCmd                            0x08001e03   Thumb Code     8  stm32f4xx_rcc.o(.text)
    RCC_BackupResetCmd                       0x08001e0b   Thumb Code     8  stm32f4xx_rcc.o(.text)
    RCC_I2SCLKConfig                         0x08001e13   Thumb Code     6  stm32f4xx_rcc.o(.text)
    RCC_AHB1PeriphClockCmd                   0x08001e19   Thumb Code    34  stm32f4xx_rcc.o(.text)
    RCC_AHB2PeriphClockCmd                   0x08001e3b   Thumb Code    34  stm32f4xx_rcc.o(.text)
    RCC_AHB3PeriphClockCmd                   0x08001e5d   Thumb Code    34  stm32f4xx_rcc.o(.text)
    RCC_APB1PeriphClockCmd                   0x08001e7f   Thumb Code    34  stm32f4xx_rcc.o(.text)
    RCC_APB2PeriphClockCmd                   0x08001ea1   Thumb Code    34  stm32f4xx_rcc.o(.text)
    RCC_AHB1PeriphResetCmd                   0x08001ec3   Thumb Code    34  stm32f4xx_rcc.o(.text)
    RCC_AHB2PeriphResetCmd                   0x08001ee5   Thumb Code    72  stm32f4xx_rcc.o(.text)
    RCC_AHB3PeriphResetCmd                   0x08001f2d   Thumb Code    34  stm32f4xx_rcc.o(.text)
    RCC_APB1PeriphResetCmd                   0x08001f4f   Thumb Code    34  stm32f4xx_rcc.o(.text)
    RCC_APB2PeriphResetCmd                   0x08001f71   Thumb Code    34  stm32f4xx_rcc.o(.text)
    RCC_AHB1PeriphClockLPModeCmd             0x08001f93   Thumb Code    34  stm32f4xx_rcc.o(.text)
    RCC_AHB2PeriphClockLPModeCmd             0x08001fb5   Thumb Code    34  stm32f4xx_rcc.o(.text)
    RCC_AHB3PeriphClockLPModeCmd             0x08001fd7   Thumb Code    34  stm32f4xx_rcc.o(.text)
    RCC_APB1PeriphClockLPModeCmd             0x08001ff9   Thumb Code    34  stm32f4xx_rcc.o(.text)
    RCC_APB2PeriphClockLPModeCmd             0x0800201b   Thumb Code    34  stm32f4xx_rcc.o(.text)
    RCC_ITConfig                             0x0800203d   Thumb Code    34  stm32f4xx_rcc.o(.text)
    RCC_ClearFlag                            0x0800205f   Thumb Code    18  stm32f4xx_rcc.o(.text)
    RCC_GetITStatus                          0x08002071   Thumb Code    22  stm32f4xx_rcc.o(.text)
    RCC_ClearITPendingBit                    0x08002087   Thumb Code     8  stm32f4xx_rcc.o(.text)
    CPU_NameClr                              0x08002095   Thumb Code    42  cpu_core.o(.text)
    CPU_Init                                 0x080020d5   Thumb Code    12  cpu_core.o(.text)
    CPU_SW_Exception                         0x080020e1   Thumb Code     4  cpu_core.o(.text)
    CPU_NameGet                              0x080020e5   Thumb Code    70  cpu_core.o(.text)
    CPU_NameSet                              0x0800212b   Thumb Code    96  cpu_core.o(.text)
    CPU_TS_Get32                             0x0800218b   Thumb Code    12  cpu_core.o(.text)
    CPU_TS_Update                            0x08002197   Thumb Code     2  cpu_core.o(.text)
    CPU_TS_TmrFreqGet                        0x08002199   Thumb Code    30  cpu_core.o(.text)
    CPU_TS_TmrFreqSet                        0x080021b7   Thumb Code     6  cpu_core.o(.text)
    CPU_CntLeadZeros08                       0x080021bd   Thumb Code    18  cpu_core.o(.text)
    CPU_CntLeadZeros16                       0x080021cf   Thumb Code    18  cpu_core.o(.text)
    CPU_CntLeadZeros32                       0x080021e1   Thumb Code    18  cpu_core.o(.text)
    CPU_CntLeadZeros64                       0x080021f3   Thumb Code   192  cpu_core.o(.text)
    CPU_CntTrailZeros08                      0x080022b3   Thumb Code    22  cpu_core.o(.text)
    CPU_CntTrailZeros16                      0x080022c9   Thumb Code    22  cpu_core.o(.text)
    CPU_CntTrailZeros32                      0x080022df   Thumb Code    22  cpu_core.o(.text)
    CPU_CntTrailZeros64                      0x080022f5   Thumb Code    62  cpu_core.o(.text)
    CPU_IntDis                               0x08002341   Thumb Code     0  cpu_a.o(.text)
    CPU_IntEn                                0x08002345   Thumb Code     0  cpu_a.o(.text)
    CPU_SR_Save                              0x08002349   Thumb Code     0  cpu_a.o(.text)
    CPU_SR_Restore                           0x08002351   Thumb Code     0  cpu_a.o(.text)
    CPU_WaitForInt                           0x08002357   Thumb Code     0  cpu_a.o(.text)
    CPU_WaitForExcept                        0x0800235b   Thumb Code     0  cpu_a.o(.text)
    CPU_CntLeadZeros                         0x0800235f   Thumb Code     0  cpu_a.o(.text)
    CPU_CntTrailZeros                        0x08002365   Thumb Code     0  cpu_a.o(.text)
    CPU_RevBits                              0x0800236f   Thumb Code     0  cpu_a.o(.text)
    ASCII_IsAlpha                            0x08002375   Thumb Code    48  lib_ascii.o(.text)
    ASCII_IsAlphaNum                         0x080023a5   Thumb Code    76  lib_ascii.o(.text)
    ASCII_IsLower                            0x080023f1   Thumb Code    20  lib_ascii.o(.text)
    ASCII_IsUpper                            0x08002405   Thumb Code    20  lib_ascii.o(.text)
    ASCII_IsDig                              0x08002419   Thumb Code    20  lib_ascii.o(.text)
    ASCII_IsDigOct                           0x0800242d   Thumb Code    20  lib_ascii.o(.text)
    ASCII_IsDigHex                           0x08002441   Thumb Code    36  lib_ascii.o(.text)
    ASCII_IsBlank                            0x08002465   Thumb Code    20  lib_ascii.o(.text)
    ASCII_IsSpace                            0x08002479   Thumb Code    36  lib_ascii.o(.text)
    ASCII_IsPrint                            0x0800249d   Thumb Code    20  lib_ascii.o(.text)
    ASCII_IsGraph                            0x080024b1   Thumb Code    20  lib_ascii.o(.text)
    ASCII_IsPunct                            0x080024c5   Thumb Code   134  lib_ascii.o(.text)
    ASCII_IsCtrl                             0x0800254b   Thumb Code    26  lib_ascii.o(.text)
    ASCII_ToLower                            0x08002565   Thumb Code    32  lib_ascii.o(.text)
    ASCII_ToUpper                            0x08002585   Thumb Code    32  lib_ascii.o(.text)
    ASCII_Cmp                                0x080025a5   Thumb Code    38  lib_ascii.o(.text)
    Math_RandSetSeed                         0x080025cd   Thumb Code    40  lib_math.o(.text)
    Math_Init                                0x080025f5   Thumb Code    10  lib_math.o(.text)
    Math_RandSeed                            0x080025ff   Thumb Code    18  lib_math.o(.text)
    Math_Rand                                0x08002611   Thumb Code    52  lib_math.o(.text)
    Mem_Init                                 0x0800264d   Thumb Code     2  lib_mem.o(.text)
    Mem_Set                                  0x0800264f   Thumb Code    84  lib_mem.o(.text)
    Mem_Clr                                  0x080026a3   Thumb Code    18  lib_mem.o(.text)
    Mem_Move                                 0x080026b5   Thumb Code   186  lib_mem.o(.text)
    Mem_Cmp                                  0x0800276f   Thumb Code   192  lib_mem.o(.text)
    Str_Len_N                                0x08002831   Thumb Code    28  lib_str.o(.text)
    Str_Len                                  0x0800284d   Thumb Code    20  lib_str.o(.text)
    Str_Copy_N                               0x08002861   Thumb Code    70  lib_str.o(.text)
    Str_Copy                                 0x080028a7   Thumb Code    24  lib_str.o(.text)
    Str_Cat_N                                0x080028bf   Thumb Code    90  lib_str.o(.text)
    Str_Cat                                  0x08002919   Thumb Code    24  lib_str.o(.text)
    Str_Cmp_N                                0x08002931   Thumb Code   156  lib_str.o(.text)
    Str_Cmp                                  0x080029cd   Thumb Code    24  lib_str.o(.text)
    Str_CmpIgnoreCase_N                      0x080029e5   Thumb Code   264  lib_str.o(.text)
    Str_CmpIgnoreCase                        0x08002aed   Thumb Code    24  lib_str.o(.text)
    Str_Char_N                               0x08002b05   Thumb Code    74  lib_str.o(.text)
    Str_Char                                 0x08002b4f   Thumb Code    24  lib_str.o(.text)
    Str_Char_Last_N                          0x08002b67   Thumb Code    76  lib_str.o(.text)
    Str_Char_Last                            0x08002bb3   Thumb Code    24  lib_str.o(.text)
    Str_Char_Replace_N                       0x08002bcb   Thumb Code    52  lib_str.o(.text)
    Str_Char_Replace                         0x08002bff   Thumb Code    28  lib_str.o(.text)
    Str_Str_N                                0x08002c1b   Thumb Code   182  lib_str.o(.text)
    Str_Str                                  0x08002cd1   Thumb Code    24  lib_str.o(.text)
    Str_FmtNbr_Int32U                        0x08002ec5   Thumb Code    46  lib_str.o(.text)
    Str_FmtNbr_Int32S                        0x08002ef3   Thumb Code    62  lib_str.o(.text)
    Str_ParseNbr_Int32U                      0x080030ef   Thumb Code    30  lib_str.o(.text)
    Str_ParseNbr_Int32S                      0x0800310d   Thumb Code    74  lib_str.o(.text)
    Mem_Copy                                 0x0800315d   Thumb Code     0  lib_mem_a.o(.text)
    OSCfg_Init                               0x0800337d   Thumb Code     2  os_cfg_app.o(.text)
    OS_IdleTask                              0x08003381   Thumb Code    58  os_core.o(.text)
    OS_IdleTaskInit                          0x080033bb   Thumb Code    68  os_core.o(.text)
    OS_RdyListInit                           0x080033ff   Thumb Code    32  os_core.o(.text)
    OSInit                                   0x0800341f   Thumb Code   276  os_core.o(.text)
    OSIntEnter                               0x08003533   Thumb Code    34  os_core.o(.text)
    OSIntExit                                0x08003555   Thumb Code   188  os_core.o(.text)
    OSSched                                  0x08003611   Thumb Code   130  os_core.o(.text)
    OSSchedLock                              0x08003693   Thumb Code   100  os_core.o(.text)
    OSSchedUnlock                            0x080036f7   Thumb Code   270  os_core.o(.text)
    OSSchedRoundRobinCfg                     0x08003805   Thumb Code    88  os_core.o(.text)
    OS_RdyListMoveHeadToTail                 0x0800385d   Thumb Code    68  os_core.o(.text)
    OSSchedRoundRobinYield                   0x080038a1   Thumb Code   164  os_core.o(.text)
    OSStart                                  0x08003945   Thumb Code    78  os_core.o(.text)
    OSVersion                                0x08003993   Thumb Code    12  os_core.o(.text)
    OS_PendDbgNameAdd                        0x0800399f   Thumb Code    66  os_core.o(.text)
    OS_PendListInsertPrio                    0x080039e1   Thumb Code   102  os_core.o(.text)
    OS_PendDataInit                          0x08003a47   Thumb Code    38  os_core.o(.text)
    OS_RdyListRemove                         0x08003a6d   Thumb Code    86  os_core.o(.text)
    OS_TaskBlock                             0x08003ac3   Thumb Code    40  os_core.o(.text)
    OS_Pend                                  0x08003aeb   Thumb Code    98  os_core.o(.text)
    OS_PendListRemove1                       0x08003b4d   Thumb Code    66  os_core.o(.text)
    OS_PendListRemove                        0x08003b8f   Thumb Code    48  os_core.o(.text)
    OS_PendAbort1                            0x08003bbf   Thumb Code    36  os_core.o(.text)
    OS_RdyListInsertHead                     0x08003be3   Thumb Code   132  os_core.o(.text)
    OS_RdyListInsertTail                     0x08003c67   Thumb Code    56  os_core.o(.text)
    OS_RdyListInsert                         0x08003c9f   Thumb Code    40  os_core.o(.text)
    OS_PendAbort                             0x08003cc7   Thumb Code   180  os_core.o(.text)
    OS_PendDbgNameRemove                     0x08003d7b   Thumb Code    34  os_core.o(.text)
    OS_PendListChangePrio                    0x08003d9d   Thumb Code    70  os_core.o(.text)
    OS_PendListInit                          0x08003de3   Thumb Code    10  os_core.o(.text)
    OS_PendListInsertHead                    0x08003ded   Thumb Code    32  os_core.o(.text)
    OS_PendObjDel1                           0x08003e0d   Thumb Code    36  os_core.o(.text)
    OS_PendObjDel                            0x08003e31   Thumb Code   176  os_core.o(.text)
    OS_Post1                                 0x08003ee1   Thumb Code    42  os_core.o(.text)
    OS_Post                                  0x08003f0b   Thumb Code   214  os_core.o(.text)
    OS_Sched0                                0x08003fe1   Thumb Code    68  os_core.o(.text)
    OS_SchedRoundRobin                       0x08004025   Thumb Code   220  os_core.o(.text)
    OS_Dbg_Init                              0x0800410d   Thumb Code   144  os_dbg.o(.text)
    OS_FlagDbgListAdd                        0x080042ad   Thumb Code    38  os_flag.o(.text)
    OSFlagCreate                             0x080042d3   Thumb Code   172  os_flag.o(.text)
    OS_FlagClr                               0x0800437f   Thumb Code    28  os_flag.o(.text)
    OS_FlagDbgListRemove                     0x0800439b   Thumb Code    44  os_flag.o(.text)
    OSFlagDel                                0x080043c7   Thumb Code   594  os_flag.o(.text)
    OS_FlagBlock                             0x08004619   Thumb Code    56  os_flag.o(.text)
    OSFlagPend                               0x08004651   Thumb Code  1490  os_flag.o(.text)
    OSFlagPendAbort                          0x08004c23   Thumb Code   292  os_flag.o(.text)
    OSFlagPendGetFlagsRdy                    0x08004d47   Thumb Code    68  os_flag.o(.text)
    OS_FlagTaskRdy                           0x08004d8b   Thumb Code   100  os_flag.o(.text)
    OS_FlagPost                              0x08004def   Thumb Code   558  os_flag.o(.text)
    OSFlagPost                               0x0800501d   Thumb Code   146  os_flag.o(.text)
    OS_FlagInit                              0x080050af   Thumb Code    14  os_flag.o(.text)
    OS_IntQPost                              0x080050d5   Thumb Code   216  os_int.o(.text)
    OS_IntQRePost                            0x080051ad   Thumb Code   320  os_int.o(.text)
    OS_IntQTask                              0x080052ed   Thumb Code   160  os_int.o(.text)
    OS_IntQTaskInit                          0x0800538d   Thumb Code   208  os_int.o(.text)
    OS_MemDbgListAdd                         0x080054e1   Thumb Code    34  os_mem.o(.text)
    OSMemCreate                              0x08005503   Thumb Code   288  os_mem.o(.text)
    OSMemGet                                 0x08005623   Thumb Code   100  os_mem.o(.text)
    OSMemPut                                 0x08005687   Thumb Code   112  os_mem.o(.text)
    OS_MemInit                               0x080056f7   Thumb Code    14  os_mem.o(.text)
    OS_MsgPoolInit                           0x08005719   Thumb Code   110  os_msg.o(.text)
    OS_MsgQFreeAll                           0x08005787   Thumb Code    62  os_msg.o(.text)
    OS_MsgQInit                              0x080057c5   Thumb Code    14  os_msg.o(.text)
    OS_MsgQGet                               0x080057d3   Thumb Code    98  os_msg.o(.text)
    OS_MsgQPut                               0x08005835   Thumb Code   254  os_msg.o(.text)
    OS_MutexDbgListAdd                       0x08005941   Thumb Code    38  os_mutex.o(.text)
    OSMutexCreate                            0x08005967   Thumb Code   178  os_mutex.o(.text)
    OS_MutexClr                              0x08005a19   Thumb Code    38  os_mutex.o(.text)
    OS_MutexDbgListRemove                    0x08005a3f   Thumb Code    44  os_mutex.o(.text)
    OSMutexDel                               0x08005a6b   Thumb Code   842  os_mutex.o(.text)
    OSMutexPend                              0x08005db5   Thumb Code   706  os_mutex.o(.text)
    OSMutexPendAbort                         0x08006077   Thumb Code   314  os_mutex.o(.text)
    OSMutexPost                              0x080061b1   Thumb Code   564  os_mutex.o(.text)
    OS_MutexInit                             0x080063e5   Thumb Code    14  os_mutex.o(.text)
    OS_PrioInit                              0x08006415   Thumb Code    20  os_prio.o(.text)
    OS_PrioGetHighest                        0x08006429   Thumb Code    36  os_prio.o(.text)
    OS_PrioInsert                            0x0800644d   Thumb Code    32  os_prio.o(.text)
    OS_PrioRemove                            0x0800646d   Thumb Code    32  os_prio.o(.text)
    OS_QDbgListAdd                           0x08006491   Thumb Code    38  os_q.o(.text)
    OSQCreate                                0x080064b7   Thumb Code   186  os_q.o(.text)
    OS_QClr                                  0x08006571   Thumb Code    40  os_q.o(.text)
    OS_QDbgListRemove                        0x08006599   Thumb Code    44  os_q.o(.text)
    OSQDel                                   0x080065c5   Thumb Code   362  os_q.o(.text)
    OSQFlush                                 0x0800672f   Thumb Code   210  os_q.o(.text)
    OSQPend                                  0x08006801   Thumb Code   538  os_q.o(.text)
    OSQPendAbort                             0x08006a1b   Thumb Code   292  os_q.o(.text)
    OS_QPost                                 0x08006b3f   Thumb Code   324  os_q.o(.text)
    OSQPost                                  0x08006c83   Thumb Code   198  os_q.o(.text)
    OS_QInit                                 0x08006d49   Thumb Code    14  os_q.o(.text)
    OS_SemDbgListAdd                         0x08006d69   Thumb Code    38  os_sem.o(.text)
    OSSemCreate                              0x08006d8f   Thumb Code   172  os_sem.o(.text)
    OS_SemClr                                0x08006e3b   Thumb Code    28  os_sem.o(.text)
    OS_SemDbgListRemove                      0x08006e57   Thumb Code    44  os_sem.o(.text)
    OSSemDel                                 0x08006e83   Thumb Code   362  os_sem.o(.text)
    OSSemPend                                0x08006fed   Thumb Code   504  os_sem.o(.text)
    OSSemPendAbort                           0x080071e5   Thumb Code   292  os_sem.o(.text)
    OS_SemPost                               0x08007309   Thumb Code   350  os_sem.o(.text)
    OSSemPost                                0x08007467   Thumb Code   144  os_sem.o(.text)
    OSSemSet                                 0x080074f7   Thumb Code   138  os_sem.o(.text)
    OS_SemInit                               0x08007581   Thumb Code    14  os_sem.o(.text)
    OSStatReset                              0x08007599   Thumb Code   256  os_stat.o(.text)
    OSStatTaskCPUUsageInit                   0x08007699   Thumb Code   168  os_stat.o(.text)
    OS_StatTask                              0x08007741   Thumb Code   876  os_stat.o(.text)
    OS_StatTaskInit                          0x08007aad   Thumb Code   138  os_stat.o(.text)
    OSTaskChangePrio                         0x08007b81   Thumb Code   416  os_task.o(.text)
    OS_TaskDbgListAdd                        0x08007d21   Thumb Code    42  os_task.o(.text)
    OS_TaskInitTCB                           0x08007d4b   Thumb Code   176  os_task.o(.text)
    OSTaskCreate                             0x08007dfb   Thumb Code   616  os_task.o(.text)
    OS_TaskDbgListRemove                     0x08008063   Thumb Code    64  os_task.o(.text)
    OSTaskDel                                0x080080a3   Thumb Code   424  os_task.o(.text)
    OSTaskQFlush                             0x0800824b   Thumb Code   214  os_task.o(.text)
    OSTaskQPend                              0x08008321   Thumb Code   554  os_task.o(.text)
    OS_TaskQPost                             0x0800854b   Thumb Code   510  os_task.o(.text)
    OSTaskQPost                              0x08008749   Thumb Code   114  os_task.o(.text)
    OSTaskRegGet                             0x080087bb   Thumb Code   100  os_task.o(.text)
    OSTaskRegGetID                           0x0800881f   Thumb Code    84  os_task.o(.text)
    OSTaskRegSet                             0x08008873   Thumb Code    78  os_task.o(.text)
    OS_TaskResume                            0x080088c1   Thumb Code   314  os_task.o(.text)
    OSTaskResume                             0x080089fb   Thumb Code   112  os_task.o(.text)
    OSTaskSemPend                            0x08008a6b   Thumb Code   540  os_task.o(.text)
    OSTaskSemPendAbort                       0x08008c87   Thumb Code   270  os_task.o(.text)
    OS_TaskSemPost                           0x08008d95   Thumb Code  1216  os_task.o(.text)
    OSTaskSemPost                            0x08009255   Thumb Code    98  os_task.o(.text)
    OSTaskSemSet                             0x080092b7   Thumb Code    80  os_task.o(.text)
    OSTaskStkChk                             0x08009307   Thumb Code   204  os_task.o(.text)
    OS_TaskSuspend                           0x080093d3   Thumb Code   352  os_task.o(.text)
    OSTaskSuspend                            0x08009533   Thumb Code    78  os_task.o(.text)
    OSTaskTimeQuantaSet                      0x08009581   Thumb Code    96  os_task.o(.text)
    OS_TaskInit                              0x080095e1   Thumb Code    18  os_task.o(.text)
    OS_TaskReturn                            0x080095f3   Thumb Code    20  os_task.o(.text)
    OS_TickTask                              0x08009863   Thumb Code   204  os_tick.o(.text)
    OS_TickTaskInit                          0x0800992f   Thumb Code   142  os_tick.o(.text)
    OS_TickListInsert                        0x080099bd   Thumb Code   208  os_tick.o(.text)
    OS_TickListInsertDly                     0x08009a8d   Thumb Code   180  os_tick.o(.text)
    OS_TickListRemove                        0x08009b41   Thumb Code    88  os_tick.o(.text)
    OS_TickListResetPeak                     0x08009b99   Thumb Code     2  os_tick.o(.text)
    OSTimeDly                                0x08009ba5   Thumb Code   256  os_time.o(.text)
    OSTimeDlyHMSM                            0x08009ca5   Thumb Code   470  os_time.o(.text)
    OSTimeDlyResume                          0x08009e7b   Thumb Code   464  os_time.o(.text)
    OSTimeGet                                0x0800a04b   Thumb Code    46  os_time.o(.text)
    OSTimeSet                                0x0800a079   Thumb Code    46  os_time.o(.text)
    OSTimeTick                               0x0800a0a7   Thumb Code    54  os_time.o(.text)
    OSIdleTaskHook                           0x0800a0f1   Thumb Code    16  os_cpu_c.o(.text)
    OSInitHook                               0x0800a101   Thumb Code    28  os_cpu_c.o(.text)
    OSStatTaskHook                           0x0800a11d   Thumb Code    16  os_cpu_c.o(.text)
    OSTaskCreateHook                         0x0800a12d   Thumb Code    20  os_cpu_c.o(.text)
    OSTaskDelHook                            0x0800a141   Thumb Code    20  os_cpu_c.o(.text)
    OSTaskReturnHook                         0x0800a155   Thumb Code    20  os_cpu_c.o(.text)
    OSTaskStkInit                            0x0800a169   Thumb Code   204  os_cpu_c.o(.text)
    OSTaskSwHook                             0x0800a235   Thumb Code    86  os_cpu_c.o(.text)
    OSTimeTickHook                           0x0800a28b   Thumb Code    16  os_cpu_c.o(.text)
    OS_CPU_SysTickHandler                    0x0800a29b   Thumb Code    52  os_cpu_c.o(.text)
    OS_CPU_SysTickInit                       0x0800a2cf   Thumb Code    44  os_cpu_c.o(.text)
    __aeabi_uldivmod                         0x0800a339   Thumb Code    98  uldiv.o(.text)
    strlen                                   0x0800a39b   Thumb Code    14  strlen.o(.text)
    strcmp                                   0x0800a3a9   Thumb Code    28  strcmp.o(.text)
    strcpy                                   0x0800a3c5   Thumb Code    18  strcpy.o(.text)
    __aeabi_llsl                             0x0800a3d7   Thumb Code    30  llshl.o(.text)
    _ll_shift_l                              0x0800a3d7   Thumb Code     0  llshl.o(.text)
    __aeabi_llsr                             0x0800a3f5   Thumb Code    32  llushr.o(.text)
    _ll_ushift_r                             0x0800a3f5   Thumb Code     0  llushr.o(.text)
    __scatterload                            0x0800a415   Thumb Code    28  init.o(.text)
    __scatterload_rt2                        0x0800a415   Thumb Code     0  init.o(.text)
    OSStartHighRdy                           0x0800a439   Thumb Code     0  os_cpu_a.o(CODE)
    OSCtxSw                                  0x0800a45b   Thumb Code     0  os_cpu_a.o(CODE)
    OSIntCtxSw                               0x0800a465   Thumb Code     0  os_cpu_a.o(CODE)
    OS_CPU_PendSVHandler                     0x0800a46f   Thumb Code     0  os_cpu_a.o(CODE)
    __scatterload_copy                       0x0800a4e1   Thumb Code    14  handlers.o(i.__scatterload_copy)
    __scatterload_null                       0x0800a4ef   Thumb Code     2  handlers.o(i.__scatterload_null)
    __scatterload_zeroinit                   0x0800a4f1   Thumb Code    14  handlers.o(i.__scatterload_zeroinit)
    CPU_EndiannessTest                       0x0800a600   Data           4  cpu_core.o(.constdata)
    OSCfg_IdleTaskStkBasePtr                 0x0800a698   Data           4  os_cfg_app.o(.constdata)
    OSCfg_IdleTaskStkLimit                   0x0800a69c   Data           4  os_cfg_app.o(.constdata)
    OSCfg_IdleTaskStkSize                    0x0800a6a0   Data           4  os_cfg_app.o(.constdata)
    OSCfg_IdleTaskStkSizeRAM                 0x0800a6a4   Data           4  os_cfg_app.o(.constdata)
    OSCfg_IntQBasePtr                        0x0800a6a8   Data           4  os_cfg_app.o(.constdata)
    OSCfg_IntQSize                           0x0800a6ac   Data           2  os_cfg_app.o(.constdata)
    OSCfg_IntQSizeRAM                        0x0800a6b0   Data           4  os_cfg_app.o(.constdata)
    OSCfg_IntQTaskStkBasePtr                 0x0800a6b4   Data           4  os_cfg_app.o(.constdata)
    OSCfg_IntQTaskStkLimit                   0x0800a6b8   Data           4  os_cfg_app.o(.constdata)
    OSCfg_IntQTaskStkSize                    0x0800a6bc   Data           4  os_cfg_app.o(.constdata)
    OSCfg_IntQTaskStkSizeRAM                 0x0800a6c0   Data           4  os_cfg_app.o(.constdata)
    OSCfg_ISRStkBasePtr                      0x0800a6c4   Data           4  os_cfg_app.o(.constdata)
    OSCfg_ISRStkSize                         0x0800a6c8   Data           4  os_cfg_app.o(.constdata)
    OSCfg_ISRStkSizeRAM                      0x0800a6cc   Data           4  os_cfg_app.o(.constdata)
    OSCfg_MsgPoolSize                        0x0800a6d0   Data           2  os_cfg_app.o(.constdata)
    OSCfg_MsgPoolSizeRAM                     0x0800a6d4   Data           4  os_cfg_app.o(.constdata)
    OSCfg_MsgPoolBasePtr                     0x0800a6d8   Data           4  os_cfg_app.o(.constdata)
    OSCfg_StatTaskPrio                       0x0800a6dc   Data           1  os_cfg_app.o(.constdata)
    OSCfg_StatTaskRate_Hz                    0x0800a6e0   Data           4  os_cfg_app.o(.constdata)
    OSCfg_StatTaskStkBasePtr                 0x0800a6e4   Data           4  os_cfg_app.o(.constdata)
    OSCfg_StatTaskStkLimit                   0x0800a6e8   Data           4  os_cfg_app.o(.constdata)
    OSCfg_StatTaskStkSize                    0x0800a6ec   Data           4  os_cfg_app.o(.constdata)
    OSCfg_StatTaskStkSizeRAM                 0x0800a6f0   Data           4  os_cfg_app.o(.constdata)
    OSCfg_StkSizeMin                         0x0800a6f4   Data           4  os_cfg_app.o(.constdata)
    OSCfg_TickRate_Hz                        0x0800a6f8   Data           4  os_cfg_app.o(.constdata)
    OSCfg_TickTaskPrio                       0x0800a6fc   Data           1  os_cfg_app.o(.constdata)
    OSCfg_TickTaskStkBasePtr                 0x0800a700   Data           4  os_cfg_app.o(.constdata)
    OSCfg_TickTaskStkLimit                   0x0800a704   Data           4  os_cfg_app.o(.constdata)
    OSCfg_TickTaskStkSize                    0x0800a708   Data           4  os_cfg_app.o(.constdata)
    OSCfg_TickTaskStkSizeRAM                 0x0800a70c   Data           4  os_cfg_app.o(.constdata)
    OSCfg_TmrTaskPrio                        0x0800a710   Data           1  os_cfg_app.o(.constdata)
    OSCfg_TmrTaskRate_Hz                     0x0800a714   Data           4  os_cfg_app.o(.constdata)
    OSCfg_TmrTaskStkBasePtr                  0x0800a718   Data           4  os_cfg_app.o(.constdata)
    OSCfg_TmrTaskStkLimit                    0x0800a71c   Data           4  os_cfg_app.o(.constdata)
    OSCfg_TmrTaskStkSize                     0x0800a720   Data           4  os_cfg_app.o(.constdata)
    OSCfg_TmrTaskStkSizeRAM                  0x0800a724   Data           4  os_cfg_app.o(.constdata)
    OSCfg_DataSizeRAM                        0x0800a728   Data           4  os_cfg_app.o(.constdata)
    OSDbg_DbgEn                              0x0800a72c   Data           1  os_dbg.o(.constdata)
    OSDbg_ArgChkEn                           0x0800a72d   Data           1  os_dbg.o(.constdata)
    OSDbg_AppHooksEn                         0x0800a72e   Data           1  os_dbg.o(.constdata)
    OSDbg_EndiannessTest                     0x0800a730   Data           4  os_dbg.o(.constdata)
    OSDbg_CalledFromISRChkEn                 0x0800a734   Data           1  os_dbg.o(.constdata)
    OSDbg_FlagEn                             0x0800a735   Data           1  os_dbg.o(.constdata)
    OSDbg_FlagGrp                            0x0800a738   Data          40  os_dbg.o(.constdata)
    OSDbg_FlagDelEn                          0x0800a760   Data           1  os_dbg.o(.constdata)
    OSDbg_FlagModeClrEn                      0x0800a761   Data           1  os_dbg.o(.constdata)
    OSDbg_FlagPendAbortEn                    0x0800a762   Data           1  os_dbg.o(.constdata)
    OSDbg_FlagGrpSize                        0x0800a764   Data           2  os_dbg.o(.constdata)
    OSDbg_FlagWidth                          0x0800a766   Data           2  os_dbg.o(.constdata)
    OSDbg_IntQ                               0x0800a768   Data           2  os_dbg.o(.constdata)
    OSDbg_ISRPostDeferredEn                  0x0800a76a   Data           1  os_dbg.o(.constdata)
    OSDbg_Mem                                0x0800a76c   Data          32  os_dbg.o(.constdata)
    OSDbg_MemEn                              0x0800a78c   Data           1  os_dbg.o(.constdata)
    OSDbg_MemSize                            0x0800a78e   Data           2  os_dbg.o(.constdata)
    OSDbg_MsgEn                              0x0800a790   Data           1  os_dbg.o(.constdata)
    OSDbg_MsgSize                            0x0800a792   Data           2  os_dbg.o(.constdata)
    OSDbg_MsgPoolSize                        0x0800a794   Data           2  os_dbg.o(.constdata)
    OSDbg_MsgQSize                           0x0800a796   Data           2  os_dbg.o(.constdata)
    OSDbg_Mutex                              0x0800a798   Data          44  os_dbg.o(.constdata)
    OSDbg_MutexEn                            0x0800a7c4   Data           1  os_dbg.o(.constdata)
    OSDbg_MutexDelEn                         0x0800a7c5   Data           1  os_dbg.o(.constdata)
    OSDbg_MutexPendAbortEn                   0x0800a7c6   Data           1  os_dbg.o(.constdata)
    OSDbg_MutexSize                          0x0800a7c8   Data           2  os_dbg.o(.constdata)
    OSDbg_ObjTypeChkEn                       0x0800a7ca   Data           1  os_dbg.o(.constdata)
    OSDbg_PendMultiEn                        0x0800a7cb   Data           1  os_dbg.o(.constdata)
    OSDbg_PendDataSize                       0x0800a7cc   Data           2  os_dbg.o(.constdata)
    OSDbg_PendListSize                       0x0800a7ce   Data           2  os_dbg.o(.constdata)
    OSDbg_PendObjSize                        0x0800a7d0   Data           2  os_dbg.o(.constdata)
    OSDbg_PrioMax                            0x0800a7d2   Data           2  os_dbg.o(.constdata)
    OSDbg_PrioTblSize                        0x0800a7d4   Data           2  os_dbg.o(.constdata)
    OSDbg_PtrSize                            0x0800a7d6   Data           2  os_dbg.o(.constdata)
    OSDbg_Q                                  0x0800a7d8   Data          48  os_dbg.o(.constdata)
    OSDbg_QEn                                0x0800a808   Data           1  os_dbg.o(.constdata)
    OSDbg_QDelEn                             0x0800a809   Data           1  os_dbg.o(.constdata)
    OSDbg_QFlushEn                           0x0800a80a   Data           1  os_dbg.o(.constdata)
    OSDbg_QPendAbortEn                       0x0800a80b   Data           1  os_dbg.o(.constdata)
    OSDbg_QSize                              0x0800a80c   Data           2  os_dbg.o(.constdata)
    OSDbg_SchedRoundRobinEn                  0x0800a80e   Data           1  os_dbg.o(.constdata)
    OSDbg_Sem                                0x0800a810   Data          40  os_dbg.o(.constdata)
    OSDbg_SemEn                              0x0800a838   Data           1  os_dbg.o(.constdata)
    OSDbg_SemDelEn                           0x0800a839   Data           1  os_dbg.o(.constdata)
    OSDbg_SemPendAbortEn                     0x0800a83a   Data           1  os_dbg.o(.constdata)
    OSDbg_SemSetEn                           0x0800a83b   Data           1  os_dbg.o(.constdata)
    OSDbg_SemSize                            0x0800a83c   Data           2  os_dbg.o(.constdata)
    OSDbg_RdyList                            0x0800a83e   Data           2  os_dbg.o(.constdata)
    OSDbg_RdyListSize                        0x0800a840   Data           4  os_dbg.o(.constdata)
    OSDbg_StkWidth                           0x0800a844   Data           1  os_dbg.o(.constdata)
    OSDbg_StatTaskEn                         0x0800a845   Data           1  os_dbg.o(.constdata)
    OSDbg_StatTaskStkChkEn                   0x0800a846   Data           1  os_dbg.o(.constdata)
    OSDbg_TaskChangePrioEn                   0x0800a847   Data           1  os_dbg.o(.constdata)
    OSDbg_TaskDelEn                          0x0800a848   Data           1  os_dbg.o(.constdata)
    OSDbg_TaskQEn                            0x0800a849   Data           1  os_dbg.o(.constdata)
    OSDbg_TaskQPendAbortEn                   0x0800a84a   Data           1  os_dbg.o(.constdata)
    OSDbg_TaskProfileEn                      0x0800a84b   Data           1  os_dbg.o(.constdata)
    OSDbg_TaskRegTblSize                     0x0800a84c   Data           2  os_dbg.o(.constdata)
    OSDbg_TaskSemPendAbortEn                 0x0800a84e   Data           1  os_dbg.o(.constdata)
    OSDbg_TaskSuspendEn                      0x0800a84f   Data           1  os_dbg.o(.constdata)
    OSDbg_TCBSize                            0x0800a850   Data           2  os_dbg.o(.constdata)
    OSDbg_TickListSize                       0x0800a852   Data           2  os_dbg.o(.constdata)
    OSDbg_TimeDlyHMSMEn                      0x0800a854   Data           1  os_dbg.o(.constdata)
    OSDbg_TimeDlyResumeEn                    0x0800a855   Data           1  os_dbg.o(.constdata)
    OSDbg_TLS_TblSize                        0x0800a856   Data           2  os_dbg.o(.constdata)
    OSDbg_Tmr                                0x0800a858   Data          48  os_dbg.o(.constdata)
    OSDbg_TmrEn                              0x0800a888   Data           1  os_dbg.o(.constdata)
    OSDbg_TmrDelEn                           0x0800a889   Data           1  os_dbg.o(.constdata)
    OSDbg_TmrSize                            0x0800a88a   Data           2  os_dbg.o(.constdata)
    OSDbg_VersionNbr                         0x0800a88c   Data           2  os_dbg.o(.constdata)
    OSDbg_DataSize                           0x0800a890   Data           4  os_dbg.o(.constdata)
    Region$$Table$$Base                      0x0800a894   Number         0  anon$$obj.o(Region$$Table)
    Region$$Table$$Limit                     0x0800a8b4   Number         0  anon$$obj.o(Region$$Table)
    ia                                       0x20000000   Data           4  taskuser.o(.data)
    FlagForOK                                0x20000004   Data           2  deviceall.o(.data)
    comUsedNumber                            0x20000006   Data           1  i2cconfigdeclaration.o(.data)
    datesBuff                                0x20000008   Data           8  main.o(.data)
    tempDatas                                0x20000010   Data           2  main.o(.data)
    I2C1info                                 0x20000014   Data           4  bsp_i2c_dma.o(.data)
    SystemCoreClock                          0x20000018   Data           4  system_stm32f4xx.o(.data)
    AHBPrescTable                            0x2000001c   Data          16  system_stm32f4xx.o(.data)
    CPU_TS_TmrFreq_Hz                        0x2000003c   Data           4  cpu_core.o(.data)
    Math_RandSeedCur                         0x20000040   Data           4  lib_math.o(.data)
    OSPrioTbl                                0x20000044   Data           8  os_prio.o(.data)
    OS_AppTaskCreateHookPtr                  0x2000004c   Data           4  os_var.o(.data)
    OS_AppTaskDelHookPtr                     0x20000050   Data           4  os_var.o(.data)
    OS_AppTaskReturnHookPtr                  0x20000054   Data           4  os_var.o(.data)
    OS_AppIdleTaskHookPtr                    0x20000058   Data           4  os_var.o(.data)
    OS_AppStatTaskHookPtr                    0x2000005c   Data           4  os_var.o(.data)
    OS_AppTaskSwHookPtr                      0x20000060   Data           4  os_var.o(.data)
    OS_AppTimeTickHookPtr                    0x20000064   Data           4  os_var.o(.data)
    OSIdleTaskCtr                            0x20000068   Data           4  os_var.o(.data)
    OSIntNestingCtr                          0x2000006c   Data           1  os_var.o(.data)
    OSRunning                                0x2000006d   Data           1  os_var.o(.data)
    OSIntQInPtr                              0x20000070   Data           4  os_var.o(.data)
    OSIntQOutPtr                             0x20000074   Data           4  os_var.o(.data)
    OSIntQNbrEntries                         0x20000078   Data           2  os_var.o(.data)
    OSIntQNbrEntriesMax                      0x2000007a   Data           2  os_var.o(.data)
    OSIntQOvfCtr                             0x2000007c   Data           2  os_var.o(.data)
    OSIntQTaskTimeMax                        0x20000080   Data           4  os_var.o(.data)
    OSFlagDbgListPtr                         0x20000084   Data           4  os_var.o(.data)
    OSFlagQty                                0x20000088   Data           2  os_var.o(.data)
    OSMemDbgListPtr                          0x2000008c   Data           4  os_var.o(.data)
    OSMemQty                                 0x20000090   Data           2  os_var.o(.data)
    OSMutexDbgListPtr                        0x20000094   Data           4  os_var.o(.data)
    OSMutexQty                               0x20000098   Data           2  os_var.o(.data)
    OSPrioCur                                0x2000009a   Data           1  os_var.o(.data)
    OSPrioHighRdy                            0x2000009b   Data           1  os_var.o(.data)
    OSPrioSaved                              0x2000009c   Data           1  os_var.o(.data)
    OSQDbgListPtr                            0x200000a0   Data           4  os_var.o(.data)
    OSQQty                                   0x200000a4   Data           2  os_var.o(.data)
    OSSchedLockNestingCtr                    0x200000a6   Data           1  os_var.o(.data)
    OSSchedRoundRobinDfltTimeQuanta          0x200000a8   Data           4  os_var.o(.data)
    OSSchedRoundRobinEn                      0x200000ac   Data           1  os_var.o(.data)
    OSSemDbgListPtr                          0x200000b0   Data           4  os_var.o(.data)
    OSSemQty                                 0x200000b4   Data           2  os_var.o(.data)
    OSStatResetFlag                          0x200000b6   Data           1  os_var.o(.data)
    OSStatTaskCPUUsage                       0x200000b8   Data           2  os_var.o(.data)
    OSStatTaskCPUUsageMax                    0x200000ba   Data           2  os_var.o(.data)
    OSStatTaskCtr                            0x200000bc   Data           4  os_var.o(.data)
    OSStatTaskCtrMax                         0x200000c0   Data           4  os_var.o(.data)
    OSStatTaskCtrRun                         0x200000c4   Data           4  os_var.o(.data)
    OSStatTaskRdy                            0x200000c8   Data           1  os_var.o(.data)
    OSStatTaskTimeMax                        0x200000cc   Data           4  os_var.o(.data)
    OSTaskCtxSwCtr                           0x200000d0   Data           4  os_var.o(.data)
    OSTaskDbgListPtr                         0x200000d4   Data           4  os_var.o(.data)
    OSTaskQty                                0x200000d8   Data           2  os_var.o(.data)
    OSTaskRegNextAvailID                     0x200000da   Data           1  os_var.o(.data)
    OSTickCtr                                0x200000dc   Data           4  os_var.o(.data)
    OSTickTaskTimeMax                        0x200000e0   Data           4  os_var.o(.data)
    OSTickListDly                            0x200000e4   Data           8  os_var.o(.data)
    OSTickListTimeout                        0x200000ec   Data           8  os_var.o(.data)
    OSTCBCurPtr                              0x200000f4   Data           4  os_var.o(.data)
    OSTCBHighRdyPtr                          0x200000f8   Data           4  os_var.o(.data)
    OS_CPU_ExceptStkBase                     0x200000fc   Data           4  os_cpu_c.o(.data)
    DatasUsedToInput                         0x20000100   Data          64  i2cconfigdeclaration.o(.bss)
    DatasUsedToOutput                        0x20000140   Data          64  i2cconfigdeclaration.o(.bss)
    comData                                  0x20000180   Data         384  i2cconfigdeclaration.o(.bss)
    I2C1_MasterSendBuff                      0x20002534   Data          10  bsp_i2c_dma.o(.bss)
    I2C1_MasterReceBuff                      0x2000253e   Data          10  bsp_i2c_dma.o(.bss)
    CPU_Name                                 0x20002548   Data          16  cpu_core.o(.bss)
    OSCfg_IdleTaskStk                        0x20002558   Data         512  os_cfg_app.o(.bss)
    OSCfg_IntQ                               0x20002758   Data         320  os_cfg_app.o(.bss)
    OSCfg_IntQTaskStk                        0x20002898   Data         512  os_cfg_app.o(.bss)
    OSCfg_ISRStk                             0x20002a98   Data        1024  os_cfg_app.o(.bss)
    OSCfg_MsgPool                            0x20002e98   Data        1600  os_cfg_app.o(.bss)
    OSCfg_StatTaskStk                        0x200034d8   Data         512  os_cfg_app.o(.bss)
    OSCfg_TickTaskStk                        0x200036d8   Data         512  os_cfg_app.o(.bss)
    OSIdleTaskTCB                            0x200038d8   Data         188  os_var.o(.bss)
    OSIntQTaskTCB                            0x20003994   Data         188  os_var.o(.bss)
    OSMsgPool                                0x20003a50   Data          12  os_var.o(.bss)
    OSRdyList                                0x20003a5c   Data         768  os_var.o(.bss)
    OSStatTaskTCB                            0x20003d5c   Data         188  os_var.o(.bss)
    OSTickTaskTCB                            0x20003e18   Data         188  os_var.o(.bss)
    __initial_sp                             0x20007ed8   Data           0  startup_stm32f4xx.o(STACK)



==============================================================================

Memory Map of the image

  Image Entry point : 0x08000189

  Load Region LR_IROM1 (Base: 0x08000000, Size: 0x0000a9b4, Max: 0x00100000, ABSOLUTE)

    Execution Region ER_IROM1 (Base: 0x08000000, Size: 0x0000a8b4, Max: 0x00100000, ABSOLUTE)

    Base Addr    Size         Type   Attr      Idx    E Section Name        Object

    0x08000000   0x00000188   Data   RO          445    RESET               startup_stm32f4xx.o
    0x08000188   0x00000000   Code   RO         1363  * .ARM.Collect$$$$00000000  mc_w.l(entry.o)
    0x08000188   0x00000004   Code   RO         1374    .ARM.Collect$$$$00000001  mc_w.l(entry2.o)
    0x0800018c   0x00000004   Code   RO         1377    .ARM.Collect$$$$00000004  mc_w.l(entry5.o)
    0x08000190   0x00000000   Code   RO         1379    .ARM.Collect$$$$00000008  mc_w.l(entry7b.o)
    0x08000190   0x00000000   Code   RO         1381    .ARM.Collect$$$$0000000A  mc_w.l(entry8b.o)
    0x08000190   0x00000008   Code   RO         1382    .ARM.Collect$$$$0000000B  mc_w.l(entry9a.o)
    0x08000198   0x00000000   Code   RO         1384    .ARM.Collect$$$$0000000D  mc_w.l(entry10a.o)
    0x08000198   0x00000000   Code   RO         1386    .ARM.Collect$$$$0000000F  mc_w.l(entry11a.o)
    0x08000198   0x00000004   Code   RO         1375    .ARM.Collect$$$$00002712  mc_w.l(entry2.o)
    0x0800019c   0x00000018   Code   RO            2    .text               task_gui.o
    0x080001b4   0x0000003c   Code   RO          214    .text               taskuser.o
    0x080001f0   0x00000110   Code   RO          239    .text               deviceall.o
    0x08000300   0x0000016c   Code   RO          268    .text               i2cconfigdeclaration.o
    0x0800046c   0x00000214   Code   RO          294    .text               main.o
    0x08000680   0x0000001e   Code   RO          351    .text               stm32f4xx_it.o
    0x0800069e   0x00000002   PAD
    0x080006a0   0x000000c4   Code   RO          361    .text               bsp.o
    0x08000764   0x000000b4   Code   RO          383    .text               bsp_led.o
    0x08000818   0x00000134   Code   RO          402    .text               bsp_os.o
    0x0800094c   0x00000444   Code   RO          421    .text               bsp_i2c_dma.o
    0x08000d90   0x0000002c   Code   RO          446    .text               startup_stm32f4xx.o
    0x08000dbc   0x00000244   Code   RO          451    .text               system_stm32f4xx.o
    0x08001000   0x000000e0   Code   RO          473    .text               misc.o
    0x080010e0   0x000003a8   Code   RO          649    .text               stm32f4xx_dma.o
    0x08001488   0x0000025c   Code   RO          713    .text               stm32f4xx_gpio.o
    0x080016e4   0x00000428   Code   RO          777    .text               stm32f4xx_i2c.o
    0x08001b0c   0x00000588   Code   RO          825    .text               stm32f4xx_rcc.o
    0x08002094   0x000002ac   Code   RO         1006    .text               cpu_core.o
    0x08002340   0x00000034   Code   RO         1026    .text               cpu_a.o
    0x08002374   0x00000256   Code   RO         1041    .text               lib_ascii.o
    0x080025ca   0x00000002   PAD
    0x080025cc   0x00000080   Code   RO         1056    .text               lib_math.o
    0x0800264c   0x000001e2   Code   RO         1074    .text               lib_mem.o
    0x0800282e   0x00000002   PAD
    0x08002830   0x0000092c   Code   RO         1089    .text               lib_str.o
    0x0800315c   0x00000220   Code   RO         1106    .text               lib_mem_a.o
    0x0800337c   0x00000002   Code   RO         1109    .text               os_cfg_app.o
    0x0800337e   0x00000002   PAD
    0x08003380   0x00000d8c   Code   RO         1132    .text               os_core.o
    0x0800410c   0x000001a0   Code   RO         1144    .text               os_dbg.o
    0x080042ac   0x00000e28   Code   RO         1159    .text               os_flag.o
    0x080050d4   0x0000040c   Code   RO         1171    .text               os_int.o
    0x080054e0   0x00000238   Code   RO         1183    .text               os_mem.o
    0x08005718   0x00000228   Code   RO         1195    .text               os_msg.o
    0x08005940   0x00000ad4   Code   RO         1207    .text               os_mutex.o
    0x08006414   0x0000007c   Code   RO         1231    .text               os_prio.o
    0x08006490   0x000008d8   Code   RO         1250    .text               os_q.o
    0x08006d68   0x00000830   Code   RO         1262    .text               os_sem.o
    0x08007598   0x000005e8   Code   RO         1274    .text               os_stat.o
    0x08007b80   0x00001ab0   Code   RO         1286    .text               os_task.o
    0x08009630   0x00000574   Code   RO         1298    .text               os_tick.o
    0x08009ba4   0x0000054c   Code   RO         1310    .text               os_time.o
    0x0800a0f0   0x00000248   Code   RO         1345    .text               os_cpu_c.o
    0x0800a338   0x00000062   Code   RO         1366    .text               mc_w.l(uldiv.o)
    0x0800a39a   0x0000000e   Code   RO         1368    .text               mc_w.l(strlen.o)
    0x0800a3a8   0x0000001c   Code   RO         1370    .text               mc_w.l(strcmp.o)
    0x0800a3c4   0x00000012   Code   RO         1372    .text               mc_w.l(strcpy.o)
    0x0800a3d6   0x0000001e   Code   RO         1388    .text               mc_w.l(llshl.o)
    0x0800a3f4   0x00000020   Code   RO         1390    .text               mc_w.l(llushr.o)
    0x0800a414   0x00000024   Code   RO         1392    .text               mc_w.l(init.o)
    0x0800a438   0x000000a8   Code   RO         1342    CODE                os_cpu_a.o
    0x0800a4e0   0x0000000e   Code   RO         1396    i.__scatterload_copy  mc_w.l(handlers.o)
    0x0800a4ee   0x00000002   Code   RO         1397    i.__scatterload_null  mc_w.l(handlers.o)
    0x0800a4f0   0x0000000e   Code   RO         1398    i.__scatterload_zeroinit  mc_w.l(handlers.o)
    0x0800a4fe   0x00000002   PAD
    0x0800a500   0x00000104   Data   RO         1008    .constdata          cpu_core.o
    0x0800a604   0x00000094   Data   RO         1090    .constdata          lib_str.o
    0x0800a698   0x00000094   Data   RO         1111    .constdata          os_cfg_app.o
    0x0800a72c   0x00000168   Data   RO         1145    .constdata          os_dbg.o
    0x0800a894   0x00000020   Data   RO         1394    Region$$Table       anon$$obj.o


    Execution Region RW_IRAM1 (Base: 0x20000000, Size: 0x00007ed8, Max: 0x00020000, ABSOLUTE)

    Base Addr    Size         Type   Attr      Idx    E Section Name        Object

    0x20000000   0x00000004   Data   RW          215    .data               taskuser.o
    0x20000004   0x00000002   Data   RW          240    .data               deviceall.o
    0x20000006   0x00000001   Data   RW          270    .data               i2cconfigdeclaration.o
    0x20000007   0x00000001   PAD
    0x20000008   0x0000000a   Data   RW          296    .data               main.o
    0x20000012   0x00000002   PAD
    0x20000014   0x00000004   Data   RW          423    .data               bsp_i2c_dma.o
    0x20000018   0x00000014   Data   RW          452    .data               system_stm32f4xx.o
    0x2000002c   0x00000010   Data   RW          826    .data               stm32f4xx_rcc.o
    0x2000003c   0x00000004   Data   RW         1009    .data               cpu_core.o
    0x20000040   0x00000004   Data   RW         1057    .data               lib_math.o
    0x20000044   0x00000008   Data   RW         1232    .data               os_prio.o
    0x2000004c   0x000000b0   Data   RW         1329    .data               os_var.o
    0x200000fc   0x00000004   Data   RW         1346    .data               os_cpu_c.o
    0x20000100   0x00000200   Zero   RW          269    .bss                i2cconfigdeclaration.o
    0x20000300   0x00002234   Zero   RW          295    .bss                main.o
    0x20002534   0x00000014   Zero   RW          422    .bss                bsp_i2c_dma.o
    0x20002548   0x00000010   Zero   RW         1007    .bss                cpu_core.o
    0x20002558   0x00001380   Zero   RW         1110    .bss                os_cfg_app.o
    0x200038d8   0x000005fc   Zero   RW         1328    .bss                os_var.o
    0x20003ed4   0x00000004   PAD
    0x20003ed8   0x00004000   Zero   RW          443    STACK               startup_stm32f4xx.o


==============================================================================

Image component sizes


      Code (inc. data)   RO Data    RW Data    ZI Data      Debug   Object Name

       196         18          0          0          0       1613   bsp.o
      1092         66          0          4         20       4006   bsp_i2c_dma.o
       180          6          0          0          0        741   bsp_led.o
       308          4          0          0          0       3182   bsp_os.o
        52          0          0          0          0        340   cpu_a.o
       684         14        260          4         16       6903   cpu_core.o
       272         28          0          2          0       1719   deviceall.o
       364         18          0          1        512       2777   i2cconfigdeclaration.o
       598          0          0          0          0       3788   lib_ascii.o
       128          8          0          4          0       1968   lib_math.o
       482          0          0          0          0       3428   lib_mem.o
       544          0          0          0          0        484   lib_mem_a.o
      2348          6        148          0          0      13198   lib_str.o
       532        106          0         10       8756       2088   main.o
       224         20          0          0          0       1821   misc.o
         0          0          0          0          0      27769   os_app_hooks.o
         2          0        148          0       4992      19957   os_cfg_app.o
      3468        276          0          0          0      11659   os_core.o
       168         32          0          0          0        404   os_cpu_a.o
       584         62          0          4          0       3801   os_cpu_c.o
       416        272        360          0          0       4761   os_dbg.o
      3624        108          0          0          0       7955   os_flag.o
      1036        132          0          0          0       2276   os_int.o
       568         20          0          0          0       2812   os_mem.o
       552         14          0          0          0       2710   os_msg.o
      2772        114          0          0          0       5638   os_mutex.o
       124          4          0          8          0       1940   os_prio.o
      2264         76          0          0          0       6308   os_q.o
      2096         70          0          0          0       6332   os_sem.o
      1512        160          0          0          0       2769   os_stat.o
      6832        268          0          0          0      13209   os_task.o
      1396         84          0          0          0       3888   os_tick.o
      1356         44          0          0          0       3201   os_time.o
         0          0          0        176       1532      18534   os_var.o
        44         12        392          0      16384        836   startup_stm32f4xx.o
       936         32          0          0          0       6297   stm32f4xx_dma.o
       604         36          0          0          0       4069   stm32f4xx_gpio.o
      1064         26          0          0          0       8127   stm32f4xx_i2c.o
        30          0          0          0          0       1435   stm32f4xx_it.o
      1416         48          0         16          0      10955   stm32f4xx_rcc.o
       580         48          0         20          0       1879   system_stm32f4xx.o
        24          0          0          0          0     282066   task_gui.o
        60         16          0          4          0        692   taskuser.o

    ----------------------------------------------------------------------
     41540       2248       1340        256      32216     510335   Object Totals
         0          0         32          0          0          0   (incl. Generated)
         8          0          0          3          4          0   (incl. Padding)

    ----------------------------------------------------------------------

      Code (inc. data)   RO Data    RW Data    ZI Data      Debug   Library Member Name

         0          0          0          0          0          0   entry.o
         0          0          0          0          0          0   entry10a.o
         0          0          0          0          0          0   entry11a.o
         8          4          0          0          0          0   entry2.o
         4          0          0          0          0          0   entry5.o
         0          0          0          0          0          0   entry7b.o
         0          0          0          0          0          0   entry8b.o
         8          4          0          0          0          0   entry9a.o
        30          0          0          0          0          0   handlers.o
        36          8          0          0          0         68   init.o
        30          0          0          0          0         68   llshl.o
        32          0          0          0          0         68   llushr.o
        28          0          0          0          0         76   strcmp.o
        18          0          0          0          0         68   strcpy.o
        14          0          0          0          0         68   strlen.o
        98          0          0          0          0         92   uldiv.o

    ----------------------------------------------------------------------
       308         16          0          0          0        508   Library Totals
         2          0          0          0          0          0   (incl. Padding)

    ----------------------------------------------------------------------

      Code (inc. data)   RO Data    RW Data    ZI Data      Debug   Library Name

       306         16          0          0          0        508   mc_w.l

    ----------------------------------------------------------------------
       308         16          0          0          0        508   Library Totals

    ----------------------------------------------------------------------

==============================================================================


      Code (inc. data)   RO Data    RW Data    ZI Data      Debug   

     41848       2264       1340        256      32216     502591   Grand Totals
     41848       2264       1340        256      32216     502591   ELF Image Totals
     41848       2264       1340        256          0          0   ROM Totals

==============================================================================

    Total RO  Size (Code + RO Data)                43188 (  42.18kB)
    Total RW  Size (RW Data + ZI Data)             32472 (  31.71kB)
    Total ROM Size (Code + RO Data + RW Data)      43444 (  42.43kB)

==============================================================================

