<html>
<body>
<pre>
<h1>礦ision Build Log</h1>
<h2>Project:</h2>
F:\GitHub\robotPlatfrom\stm32f407_I2CTest\Prject I2CDMA\I2C_DMA_Config.uvproj
Project File Date:  11/06/2014

<h2>Output:</h2>
Build target 'Salve'
linking...
Program Size: Code=6224 RO-data=424 RW-data=72 ZI-data=16992  
".\Output\ST32_LED.axf" - 0 Error(s), 0 Warning(s).
Load "F:\\GitHub\\robotPlatfrom\\stm32f407_I2CTest\\Prject I2CDMA\\Output\\ST32_LED.axf" 
Erase Done.
Programming Done.
Verify OK.
</pre>
</body>
</html>
ning:  #177-D: variable "check_begin" was declared but never referenced
  static bool check_begin = FALSE;  //检测开始标志(不太懂)
salve\main.c: 3 warnings, 0 errors
compiling stm32f4xx_it.c...
linking...
Program Size: Code=6224 RO-data=424 RW-data=72 ZI-data=16992  
".\Output\ST32_LED.axf" - 0 Error(s), 3 Warning(s).
in" was declared but never referenced
  static bool check_begin = FALSE;  //检测开始标志(不太懂)
salve\main.c: 3 warnings, 3 errors
".\Output\ST32_LED.axf" - 3 Error(s), 3 Warning(s).
Target not created
).
.\Output\ST32_LED.axf: Error: L6218E: Undefined symbol i2c1_evt_isr (referred from stm32f4xx_it.o).
Not enough information to list image symbols.
Finished: 1 information, 0 warning and 3 error messages.
".\Output\ST32_LED.axf" - 3 Error(s), 4 Warning(s).
Target not created
