<html>
<body>
<pre>
<h1>µVision Build Log</h1>
<h2>Project:</h2>
F:\GitHub\robotPlatfrom\stm32f407_I2CTest\Prject I2CDMA SalveSendAndMasterRecerve\I2C_DMA_Config.uvproj
Project File Date:  11/09/2014

<h2>Output:</h2>
Build target 'base'
linking...
Program Size: Code=8048 RO-data=424 RW-data=84 ZI-data=17012  
".\Output\ST32_LED.axf" - 0 Error(s), 0 Warning(s).
</pre>
</body>
</html>
tfrom\\stm32f407_I2CTest\\Prject I2CDMA SalveSendAndMasterRecerve\\Output\\ST32_LED.axf" 
Erase Done.
Programming Done.
Verify OK.
gramming Done.
Verify OK.
32_LED.axf" - 0 Error(s), 1 Warning(s).
rom\\stm32f407_I2CTest\\Prject I2CDMA SalveSendAndMasterRecerve\\Output\\ST32_LED.axf" 
Erase Done.
Programming Done.
Verify OK.
 never referenced
        uint8_t i;
user\Bsp\src\Bsp_Hcs4051.c(29): warning:  #177-D: variable "enumData" was declared but never referenced
        BitAction enumData[2]={Bit_RESET,Bit_SET};
user\Bsp\src\Bsp_Hcs4051.c: 2 warnings, 0 errors
compiling Bsp_send_Data.c...
compiling Bsp_I2C_DMA.c...
Bsp_I2C_DMA.c: Error:  #5: cannot open source input file "user\Bsp\src\Bsp_I2C_DMA.c": No such file or directory
user\Bsp\src\Bsp_I2C_DMA.c: 0 warnings, 1 error
".\Output\ST32_LED.axf" - 2 Error(s), 3 Warning(s).
Target not created
