<html>
<body>
<pre>
<h1>礦ision Build Log</h1>
<h2>Project:</h2>
F:\GitHub\robotPlatfrom\stm32f407_I2CTest\Prject I2CDMA\I2C_DMA_Config.uvproj
Project File Date:  11/06/2014

<h2>Output:</h2>
Build target 'base'
compiling stm32f4xx_it.c...
compiling main.c...
linking...
Program Size: Code=6976 RO-data=424 RW-data=72 ZI-data=16992  
".\Output\ST32_LED.axf" - 0 Error(s), 0 Warning(s).
</pre>
</body>
</html>
ST32_LED.axf" 
Erase Done.
Programming Done.
Verify OK.
l check_begin = FALSE;  //检测开始标志(不太懂)
salve\main.c: 2 warnings, 0 errors
linking...
Program Size: Code=6392 RO-data=424 RW-data=68 ZI-data=16996  
".\Output\ST32_LED.axf" - 0 Error(s), 2 Warning(s).
Load "F:\\GitHub\\robotPlatfrom\\stm32f407_I2CTest\\Prject I2CDMA\\Output\\ST32_LED.axf" 
Erase Done.
Programming Done.
Verify OK.

salve\main.c(346): warning: At end of source:  #12-D: parsing restarts here after previous syntax error
salve\main.c(58): warning:  #550-D: variable "check_begin" was set but never used
  static bool check_begin = FALSE;  //检测开始标志(不太懂)
salve\main.c: 5 warnings, 3 errors
".\Output\ST32_LED.axf" - 3 Error(s), 5 Warning(s).
Target not created
