<html>
<body>
<pre>
<h1>µVision Build Log</h1>
<h2>Project:</h2>
F:\Work_Space\RoboticPlatform\stm32f407_I2CTest\Prject\I2CTestUsedF407.uvproj
Project File Date:  10/27/2014

<h2>Output:</h2>
Build target 'base'
compiling stm32f4xx_it.c...
user\stm32f4xx_it.c(222): warning:  #9-D: nested comment is not allowed
                case I2C_EVENT_MASTER_BYTE_TRANSMITTED: /* With BTF EV8-2 */ 
user\stm32f4xx_it.c: 1 warning, 0 errors
compiling main.c...
compiling Bsp_Led.c...
compiling Bsp_I2C.c...
user\Bsp\src\Bsp_I2C.c(65): warning:  #177-D: function "NVIC_I2C_Interrupt" was declared but never referenced
  void NVIC_I2C_Interrupt(void)
user\Bsp\src\Bsp_I2C.c: 1 warning, 0 errors
compiling Bsp_Hcs4051.c...
user\Bsp\src\Bsp_Hcs4051.c(28): warning:  #177-D: variable "i" was declared but never referenced
        uint8_t i;
user\Bsp\src\Bsp_Hcs4051.c(29): warning:  #177-D: variable "enumData" was declared but never referenced
        BitAction enumData[2]={Bit_RESET,Bit_SET};
user\Bsp\src\Bsp_Hcs4051.c: 2 warnings, 0 errors
assembling startup_stm32f4xx.s...
compiling system_stm32f4xx.c...
compiling misc.c...
compiling stm32f4xx_adc.c...
compiling stm32f4xx_can.c...
compiling stm32f4xx_crc.c...
compiling stm32f4xx_cryp.c...
compiling stm32f4xx_cryp_aes.c...
compiling stm32f4xx_cryp_des.c...
compiling stm32f4xx_cryp_tdes.c...
compiling stm32f4xx_dac.c...
compiling stm32f4xx_dbgmcu.c...
compiling stm32f4xx_dcmi.c...
compiling stm32f4xx_dma.c...
compiling stm32f4xx_exti.c...
compiling stm32f4xx_flash.c...
compiling stm32f4xx_fsmc.c...
compiling stm32f4xx_gpio.c...
compiling stm32f4xx_hash.c...
compiling stm32f4xx_hash_md5.c...
compiling stm32f4xx_hash_sha1.c...
compiling stm32f4xx_i2c.c...
compiling stm32f4xx_iwdg.c...
compiling stm32f4xx_pwr.c...
compiling stm32f4xx_rcc.c...
compiling stm32f4xx_rng.c...
compiling stm32f4xx_rtc.c...
compiling stm32f4xx_sdio.c...
compiling stm32f4xx_spi.c...
compiling stm32f4xx_syscfg.c...
compiling stm32f4xx_tim.c...
compiling stm32f4xx_usart.c...
compiling stm32f4xx_wwdg.c...
linking...
Program Size: Code=5600 RO-data=424 RW-data=48 ZI-data=16992  
".\Output\ST32_LED.axf" - 0 Error(s), 4 Warning(s).
</pre>
</body>
</html>
