<html>
<body>
<pre>
<h1>µVision Build Log</h1>
<h2>Project:</h2>
F:\GitHub\robotPlatfrom\stm32f407_RobotPlatform\Prject\RobotPlatform.uvproj
Project File Date:  11/09/2014

<h2>Output:</h2>
Build target 'base'
compiling TaskUser.c...
creating Library...
".\Output\MacRobot.lib" - 0 Error(s), 0 Warning(s).
</pre>
</body>
</html>
er referenced
         int a ;
user\src\TaskUser.c: 1 warning, 0 errors
compiling DeviceAll.c...
Device\src\DeviceAll.c(12): warning:  #177-D: variable "err" was declared but never referenced
        OS_ERR   err;
Device\src\DeviceAll.c(42): warning:  #177-D: variable "err" was declared but never referenced
        OS_ERR      err;
Device\src\DeviceAll.c(57): warning:  #177-D: variable "x" was declared but never referenced
        uint8_t x;
Device\src\DeviceAll.c: 3 warnings, 0 errors
compiling DeviceTemp.c...
compiling I2CConfigDeclaration.c...
compiling main.c...
user\main.c(121): warning:  #177-D: variable "cpu_sr" was declared but never referenced
        CPU_SR_ALLOC();
user\main.c: 1 warning, 0 errors
compiling stm32f4xx_it.c...
compiling bsp.c...
compiling Bsp_Led.c...
compiling bsp_os.c...
compiling Bsp_I2C_DMA.c...
assembling startup_stm32f4xx.s...
compiling system_stm32f4xx.c...
compiling misc.c...
compiling stm32f4xx_adc.c...
compiling stm32f4xx_can.c...
compiling stm32f4xx_crc.c...
compiling stm32f4xx_cryp.c...
compiling stm32f4xx_cryp_aes.c...
compiling stm32f4xx_cryp_des.c...
compiling stm32f4xx_cryp_tdes.c...
compiling stm32f4xx_dac.c...
compiling stm32f4xx_dbgmcu.c...
compiling stm32f4xx_dcmi.c...
compiling stm32f4xx_dma.c...
compiling stm32f4xx_exti.c...
compiling stm32f4xx_flash.c...
compiling stm32f4xx_fsmc.c...
compiling stm32f4xx_gpio.c...
compiling stm32f4xx_hash.c...
compiling stm32f4xx_hash_md5.c...
compiling stm32f4xx_hash_sha1.c...
compiling stm32f4xx_i2c.c...
compiling stm32f4xx_iwdg.c...
compiling stm32f4xx_pwr.c...
compiling stm32f4xx_rcc.c...
compiling stm32f4xx_rng.c...
compiling stm32f4xx_rtc.c...
compiling stm32f4xx_sdio.c...
compiling stm32f4xx_spi.c...
compiling stm32f4xx_syscfg.c...
compiling stm32f4xx_tim.c...
compiling stm32f4xx_usart.c...
compiling stm32f4xx_wwdg.c...
compiling os_app_hooks.c...
compiling cpu_core.c...
assembling cpu_a.asm...
compiling cpu_c.c...
compiling lib_ascii.c...
compiling lib_math.c...
compiling lib_mem.c...
compiling lib_str.c...
assembling lib_mem_a.asm...
compiling os_cfg_app.c...
compiling os_core.c...
compiling os_dbg.c...
compiling os_flag.c...
compiling os_int.c...
compiling os_mem.c...
compiling os_msg.c...
compiling os_mutex.c...
compiling os_pend_multi.c...
compiling os_prio.c...
compiling os_q.c...
compiling os_sem.c...
compiling os_stat.c...
compiling os_task.c...
compiling os_tick.c...
compiling os_time.c...
compiling os_tmr.c...
compiling os_var.c...
assembling os_cpu_a.asm...
compiling os_cpu_c.c...
linking...
Program Size: Code=41848 RO-data=1340 RW-data=256 ZI-data=32216  
FromELF: creating hex file...
".\Output\base_empty.axf" - 0 Error(s), 5 Warning(s).
Load "F:\\GitHub\\robotPlatfrom\\stm32f407_RobotPlatform\\Prject\\Output\\base_empty.axf" 
Erase Done.
Programming Done.
Verify OK.
..
compiling os_var.c...
assembling os_cpu_a.asm...
compiling os_cpu_c.c...
".\Output\base_empty.axf" - 2 Error(s), 6 Warning(s).
Target not created
